<!doctype html public "-//w3c//dtd html 4.0 transitional//en">
<html><head>
<title>Static Call Graph - [.\Objects\PR_307_L3\PR_307_L3.axf]</title></head>
<body><HR>
<H1>Static Call Graph for image .\Objects\PR_307_L3\PR_307_L3.axf</H1><HR>
<BR><P>#&#060CALLGRAPH&#062# ARM Linker, 5060960: Last Updated: Wed Jan 28 17:08:30 2026
<BR><P>
<H3>Maximum Stack Usage =       1272 bytes + Unknown(Cycles, Untraceable Function Pointers)</H3><H3>
Call chain for Maximum Stack Depth:</H3>
Recv_Rs485_Callback &rArr; Rs485_Slave_Recv_Port &rArr; Rs485_Slave_Data_Check &rArr; Rs485_Slave_AnalysisAndPackage &rArr; Electronic_Package_Fuction &rArr; user_plaintext_encryption &rArr; encode_fun &rArr; func_key &rArr; move
<P>
<H3>
Mutually Recursive functions
</H3> <LI><a href="#[561]">lfs_file_write</a>&nbsp;&nbsp;&nbsp;&rArr;&nbsp;&nbsp;&nbsp;<a href="#[561]">lfs_file_write</a><BR>
 <LI><a href="#[4d9]">lfs_file_read</a>&nbsp;&nbsp;&nbsp;&rArr;&nbsp;&nbsp;&nbsp;<a href="#[5db]">lfs_file_flush</a><BR>
 <LI><a href="#[5e3]">lfs_dir_traverse</a>&nbsp;&nbsp;&nbsp;&rArr;&nbsp;&nbsp;&nbsp;<a href="#[5e3]">lfs_dir_traverse</a><BR>
 <LI><a href="#[5e1]">lfs_dir_drop</a>&nbsp;&nbsp;&nbsp;&rArr;&nbsp;&nbsp;&nbsp;<a href="#[5d8]">lfs_dir_commit</a><BR>
 <LI><a href="#[5f7]">lfs_fs_relocate</a>&nbsp;&nbsp;&nbsp;&rArr;&nbsp;&nbsp;&nbsp;<a href="#[5d8]">lfs_dir_commit</a><BR>
 <LI><a href="#[5f3]">lfs_dir_split</a>&nbsp;&nbsp;&nbsp;&rArr;&nbsp;&nbsp;&nbsp;<a href="#[5ea]">lfs_dir_compact</a><BR>
</UL>
<P>
<H3>
Function Pointers
</H3><UL>
 <LI><a href="#[40]">BusFault_Handler</a> from hc32f4a0_interrupts.o(i.BusFault_Handler) referenced from startup_hc32f4a0.o(RESET)
 <LI><a href="#[df]">ClubLights_Init</a> from light_effect.o(i.ClubLights_Init) referenced from light_effect.o(i.Effect_ClubLights_Init)
 <LI><a href="#[e0]">ColorChase_Init</a> from light_effect.o(i.ColorChase_Init) referenced from light_effect.o(i.Effect_ColorChase_Init)
 <LI><a href="#[e3]">CopCar_InitI</a> from light_effect.o(i.CopCar_InitI) referenced from light_effect.o(i.Effect_CopCar_Init)
 <LI><a href="#[e2]">CopCar_InitII</a> from light_effect.o(i.CopCar_InitII) referenced from light_effect.o(i.Effect_CopCarII_Init)
 <LI><a href="#[e1]">CopCar_InitIII</a> from light_effect.o(i.CopCar_InitIII) referenced from light_effect.o(i.Effect_CopCarIII_Init)
 <LI><a href="#[da]">DMA_Btc0_IrqCallback</a> from bsp_adc.o(i.DMA_Btc0_IrqCallback) referenced from bsp_adc.o(i.AdcDmaIrqConfig2)
 <LI><a href="#[d9]">DMA_Btc1_IrqCallback</a> from bsp_adc.o(i.DMA_Btc1_IrqCallback) referenced from bsp_adc.o(i.AdcDmaIrqConfig)
 <LI><a href="#[e4]">DMXStrobe_Init</a> from light_effect.o(i.DMXStrobe_Init) referenced from light_effect.o(i.Effect_DMXStrobe_Init)
 <LI><a href="#[43]">DebugMon_Handler</a> from hc32f4a0_interrupts.o(i.DebugMon_Handler) referenced from startup_hc32f4a0.o(RESET)
 <LI><a href="#[d]">Effect_Candle_Init</a> from light_effect.o(i.Effect_Candle_Init) referenced 2 times from light_effect.o(.data)
 <LI><a href="#[e]">Effect_Candle_Process</a> from light_effect.o(i.Effect_Candle_Process) referenced 2 times from light_effect.o(.data)
 <LI><a href="#[5]">Effect_ClubLights_Init</a> from light_effect.o(i.Effect_ClubLights_Init) referenced 2 times from light_effect.o(.data)
 <LI><a href="#[6]">Effect_ClubLights_Process</a> from light_effect.o(i.Effect_ClubLights_Process) referenced 2 times from light_effect.o(.data)
 <LI><a href="#[1d]">Effect_ColorChase_Init</a> from light_effect.o(i.Effect_ColorChase_Init) referenced 2 times from light_effect.o(.data)
 <LI><a href="#[1e]">Effect_ColorChase_Process</a> from light_effect.o(i.Effect_ColorChase_Process) referenced 2 times from light_effect.o(.data)
 <LI><a href="#[39]">Effect_CopCarIII_Init</a> from light_effect.o(i.Effect_CopCarIII_Init) referenced 2 times from light_effect.o(.data)
 <LI><a href="#[31]">Effect_CopCarII_Init</a> from light_effect.o(i.Effect_CopCarII_Init) referenced 2 times from light_effect.o(.data)
 <LI><a href="#[1b]">Effect_CopCar_Init</a> from light_effect.o(i.Effect_CopCar_Init) referenced 2 times from light_effect.o(.data)
 <LI><a href="#[1c]">Effect_CopCar_Process</a> from light_effect.o(i.Effect_CopCar_Process) referenced 6 times from light_effect.o(.data)
 <LI><a href="#[26]">Effect_DMXStrobe_Init</a> from light_effect.o(i.Effect_DMXStrobe_Init) referenced 2 times from light_effect.o(.data)
 <LI><a href="#[27]">Effect_DMXStrobe_Process</a> from light_effect.o(i.Effect_DMXStrobe_Process) referenced 2 times from light_effect.o(.data)
 <LI><a href="#[2d]">Effect_ExplosionII_Init</a> from light_effect.o(i.Effect_ExplosionII_Init) referenced 2 times from light_effect.o(.data)
 <LI><a href="#[13]">Effect_Explosion_Init</a> from light_effect.o(i.Effect_Explosion_Init) referenced 2 times from light_effect.o(.data)
 <LI><a href="#[14]">Effect_Explosion_Process</a> from light_effect.o(i.Effect_Explosion_Process) referenced 4 times from light_effect.o(.data)
 <LI><a href="#[37]">Effect_FaultBulbIII_Init</a> from light_effect.o(i.Effect_FaultBulbIII_Init) referenced 2 times from light_effect.o(.data)
 <LI><a href="#[2e]">Effect_FaultBulbII_Init</a> from light_effect.o(i.Effect_FaultBulbII_Init) referenced 2 times from light_effect.o(.data)
 <LI><a href="#[15]">Effect_FaultBulb_Init</a> from light_effect.o(i.Effect_FaultBulb_Init) referenced 2 times from light_effect.o(.data)
 <LI><a href="#[16]">Effect_FaultBulb_Process</a> from light_effect.o(i.Effect_FaultBulb_Process) referenced 6 times from light_effect.o(.data)
 <LI><a href="#[36]">Effect_FireIII_Init</a> from light_effect.o(i.Effect_FireIII_Init) referenced 2 times from light_effect.o(.data)
 <LI><a href="#[2b]">Effect_FireII_Init</a> from light_effect.o(i.Effect_FireII_Init) referenced 2 times from light_effect.o(.data)
 <LI><a href="#[f]">Effect_Fire_Init</a> from light_effect.o(i.Effect_Fire_Init) referenced 2 times from light_effect.o(.data)
 <LI><a href="#[10]">Effect_Fire_Process</a> from light_effect.o(i.Effect_Fire_Process) referenced 6 times from light_effect.o(.data)
 <LI><a href="#[33]">Effect_FireworksII_Init</a> from light_effect.o(i.Effect_FireworksII_Init) referenced 2 times from light_effect.o(.data)
 <LI><a href="#[21]">Effect_Fireworks_Init</a> from light_effect.o(i.Effect_Fireworks_Init) referenced 2 times from light_effect.o(.data)
 <LI><a href="#[22]">Effect_Fireworks_Process</a> from light_effect.o(i.Effect_Fireworks_Process) referenced 4 times from light_effect.o(.data)
 <LI><a href="#[24]">Effect_IAmHere_Init</a> from light_effect.o(i.Effect_IAmHere_Init) referenced 2 times from light_effect.o(.data)
 <LI><a href="#[25]">Effect_IAmHere_Process</a> from light_effect.o(i.Effect_IAmHere_Process) referenced 2 times from light_effect.o(.data)
 <LI><a href="#[34]">Effect_LightningIII_Init</a> from light_effect.o(i.Effect_LightningIII_Init) referenced 2 times from light_effect.o(.data)
 <LI><a href="#[29]">Effect_LightningII_Init</a> from light_effect.o(i.Effect_LightningII_Init) referenced 2 times from light_effect.o(.data)
 <LI><a href="#[9]">Effect_Lightning_Init</a> from light_effect.o(i.Effect_Lightning_Init) referenced 2 times from light_effect.o(.data)
 <LI><a href="#[a]">Effect_Lightning_Process</a> from light_effect.o(i.Effect_Lightning_Process) referenced 6 times from light_effect.o(.data)
 <LI><a href="#[23]">Effect_Off_Process</a> from light_effect.o(i.Effect_Off_Process) referenced 2 times from light_effect.o(.data)
 <LI><a href="#[28]">Effect_PaparazziII_Init</a> from light_effect.o(i.Effect_PaparazziII_Init) referenced 2 times from light_effect.o(.data)
 <LI><a href="#[7]">Effect_Paparazzi_Init</a> from light_effect.o(i.Effect_Paparazzi_Init) referenced 2 times from light_effect.o(.data)
 <LI><a href="#[8]">Effect_Paparazzi_Process</a> from light_effect.o(i.Effect_Paparazzi_Process) referenced 4 times from light_effect.o(.data)
 <LI><a href="#[32]">Effect_PartyLightsII_Init</a> from light_effect.o(i.Effect_PartyLightsII_Init) referenced 2 times from light_effect.o(.data)
 <LI><a href="#[1f]">Effect_PartyLights_Init</a> from light_effect.o(i.Effect_PartyLights_Init) referenced 2 times from light_effect.o(.data)
 <LI><a href="#[20]">Effect_PartyLights_Process</a> from light_effect.o(i.Effect_PartyLights_Process) referenced 4 times from light_effect.o(.data)
 <LI><a href="#[117]">Effect_Per1msCallback</a> from light_effect.o(i.Effect_Per1msCallback) referenced from bsp_timer.o(i.Timer2_1_Config)
 <LI><a href="#[38]">Effect_PulsingIII_Init</a> from light_effect.o(i.Effect_PulsingIII_Init) referenced 2 times from light_effect.o(.data)
 <LI><a href="#[2f]">Effect_PulsingII_Init</a> from light_effect.o(i.Effect_PulsingII_Init) referenced 2 times from light_effect.o(.data)
 <LI><a href="#[17]">Effect_Pulsing_Init</a> from light_effect.o(i.Effect_Pulsing_Init) referenced 2 times from light_effect.o(.data)
 <LI><a href="#[18]">Effect_Pulsing_Process</a> from light_effect.o(i.Effect_Pulsing_Process) referenced 6 times from light_effect.o(.data)
 <LI><a href="#[2c]">Effect_StrobeII_Init</a> from light_effect.o(i.Effect_StrobeII_Init) referenced 2 times from light_effect.o(.data)
 <LI><a href="#[11]">Effect_Strobe_Init</a> from light_effect.o(i.Effect_Strobe_Init) referenced 2 times from light_effect.o(.data)
 <LI><a href="#[12]">Effect_Strobe_Process</a> from light_effect.o(i.Effect_Strobe_Process) referenced 4 times from light_effect.o(.data)
 <LI><a href="#[35]">Effect_TVIII_Init</a> from light_effect.o(i.Effect_TVIII_Init) referenced 2 times from light_effect.o(.data)
 <LI><a href="#[2a]">Effect_TVII_Init</a> from light_effect.o(i.Effect_TVII_Init) referenced 2 times from light_effect.o(.data)
 <LI><a href="#[b]">Effect_TV_Init</a> from light_effect.o(i.Effect_TV_Init) referenced 2 times from light_effect.o(.data)
 <LI><a href="#[c]">Effect_TV_Process</a> from light_effect.o(i.Effect_TV_Process) referenced 6 times from light_effect.o(.data)
 <LI><a href="#[30]">Effect_WeldingII_Init</a> from light_effect.o(i.Effect_WeldingII_Init) referenced 2 times from light_effect.o(.data)
 <LI><a href="#[19]">Effect_Welding_Init</a> from light_effect.o(i.Effect_Welding_Init) referenced 2 times from light_effect.o(.data)
 <LI><a href="#[1a]">Effect_Welding_Process</a> from light_effect.o(i.Effect_Welding_Process) referenced 4 times from light_effect.o(.data)
 <LI><a href="#[e6]">Explosion_InitI</a> from light_effect.o(i.Explosion_InitI) referenced from light_effect.o(i.Effect_Explosion_Init)
 <LI><a href="#[e5]">Explosion_InitII</a> from light_effect.o(i.Explosion_InitII) referenced from light_effect.o(i.Effect_ExplosionII_Init)
 <LI><a href="#[3a]">Fan_SetCmpVal</a> from bsp_fan.o(i.Fan_SetCmpVal) referenced 2 times from fan.o(.data)
 <LI><a href="#[100]">Fan_TMRA_Cmp_IrqCallback</a> from bsp_fan.o(i.Fan_TMRA_Cmp_IrqCallback) referenced from bsp_fan.o(i.Fan_TmrAIrqConfig)
 <LI><a href="#[e9]">FaultBulb_InitI</a> from light_effect.o(i.FaultBulb_InitI) referenced from light_effect.o(i.Effect_FaultBulb_Init)
 <LI><a href="#[e8]">FaultBulb_InitII</a> from light_effect.o(i.FaultBulb_InitII) referenced from light_effect.o(i.Effect_FaultBulbII_Init)
 <LI><a href="#[e7]">FaultBulb_InitIII</a> from light_effect.o(i.FaultBulb_InitIII) referenced from light_effect.o(i.Effect_FaultBulbIII_Init)
 <LI><a href="#[eb]">Fireworks_InitI</a> from light_effect.o(i.Fireworks_InitI) referenced from light_effect.o(i.Effect_Fireworks_Init)
 <LI><a href="#[ea]">Fireworks_InitII</a> from light_effect.o(i.Fireworks_InitII) referenced from light_effect.o(i.Effect_FireworksII_Init)
 <LI><a href="#[db]">Get_Adc2_Dma_CallBack</a> from app_adc.o(i.Get_Adc2_Dma_CallBack) referenced from app_adc.o(i.Adc_Driver_Init)
 <LI><a href="#[dc]">Get_Adc3_Dma_CallBack</a> from app_adc.o(i.Get_Adc3_Dma_CallBack) referenced from app_adc.o(i.Adc_Driver_Init)
 <LI><a href="#[101]">Get_Fan1_Spd_CallBack</a> from fan.o(i.Get_Fan1_Spd_CallBack) referenced from fan.o(i.Fan_Water_Fun_Init)
 <LI><a href="#[107]">Get_Upgrade_Start_State</a> from upgrade.o(i.Get_Upgrade_Start_State) referenced from rs485_proto_slave_recv.o(i.Rs485_Slave_AnalysisAndPackage)
 <LI><a href="#[102]">Get_Water1_Spd_CallBack</a> from fan.o(i.Get_Water1_Spd_CallBack) referenced from fan.o(i.Fan_Water_Fun_Init)
 <LI><a href="#[3e]">HardFault_Handler</a> from hc32f4a0_interrupts.o(i.HardFault_Handler) referenced from startup_hc32f4a0.o(RESET)
 <LI><a href="#[ec]">IAmHere_Init</a> from light_effect.o(i.IAmHere_Init) referenced from light_effect.o(i.Effect_IAmHere_Init)
 <LI><a href="#[46]">IRQ000_Handler</a> from hc32f4a0_interrupts.o(i.IRQ000_Handler) referenced from startup_hc32f4a0.o(RESET)
 <LI><a href="#[47]">IRQ001_Handler</a> from hc32f4a0_interrupts.o(i.IRQ001_Handler) referenced from startup_hc32f4a0.o(RESET)
 <LI><a href="#[48]">IRQ002_Handler</a> from hc32f4a0_interrupts.o(i.IRQ002_Handler) referenced from startup_hc32f4a0.o(RESET)
 <LI><a href="#[49]">IRQ003_Handler</a> from hc32f4a0_interrupts.o(i.IRQ003_Handler) referenced from startup_hc32f4a0.o(RESET)
 <LI><a href="#[4a]">IRQ004_Handler</a> from hc32f4a0_interrupts.o(i.IRQ004_Handler) referenced from startup_hc32f4a0.o(RESET)
 <LI><a href="#[4b]">IRQ005_Handler</a> from hc32f4a0_interrupts.o(i.IRQ005_Handler) referenced from startup_hc32f4a0.o(RESET)
 <LI><a href="#[4c]">IRQ006_Handler</a> from hc32f4a0_interrupts.o(i.IRQ006_Handler) referenced from startup_hc32f4a0.o(RESET)
 <LI><a href="#[4d]">IRQ007_Handler</a> from hc32f4a0_interrupts.o(i.IRQ007_Handler) referenced from startup_hc32f4a0.o(RESET)
 <LI><a href="#[4e]">IRQ008_Handler</a> from hc32f4a0_interrupts.o(i.IRQ008_Handler) referenced from startup_hc32f4a0.o(RESET)
 <LI><a href="#[4f]">IRQ009_Handler</a> from hc32f4a0_interrupts.o(i.IRQ009_Handler) referenced from startup_hc32f4a0.o(RESET)
 <LI><a href="#[50]">IRQ010_Handler</a> from hc32f4a0_interrupts.o(i.IRQ010_Handler) referenced from startup_hc32f4a0.o(RESET)
 <LI><a href="#[51]">IRQ011_Handler</a> from hc32f4a0_interrupts.o(i.IRQ011_Handler) referenced from startup_hc32f4a0.o(RESET)
 <LI><a href="#[52]">IRQ012_Handler</a> from hc32f4a0_interrupts.o(i.IRQ012_Handler) referenced from startup_hc32f4a0.o(RESET)
 <LI><a href="#[53]">IRQ013_Handler</a> from hc32f4a0_interrupts.o(i.IRQ013_Handler) referenced from startup_hc32f4a0.o(RESET)
 <LI><a href="#[54]">IRQ014_Handler</a> from hc32f4a0_interrupts.o(i.IRQ014_Handler) referenced from startup_hc32f4a0.o(RESET)
 <LI><a href="#[55]">IRQ015_Handler</a> from hc32f4a0_interrupts.o(i.IRQ015_Handler) referenced from startup_hc32f4a0.o(RESET)
 <LI><a href="#[56]">IRQ016_Handler</a> from hc32f4a0_interrupts.o(i.IRQ016_Handler) referenced from startup_hc32f4a0.o(RESET)
 <LI><a href="#[57]">IRQ017_Handler</a> from hc32f4a0_interrupts.o(i.IRQ017_Handler) referenced from startup_hc32f4a0.o(RESET)
 <LI><a href="#[58]">IRQ018_Handler</a> from hc32f4a0_interrupts.o(i.IRQ018_Handler) referenced from startup_hc32f4a0.o(RESET)
 <LI><a href="#[59]">IRQ019_Handler</a> from hc32f4a0_interrupts.o(i.IRQ019_Handler) referenced from startup_hc32f4a0.o(RESET)
 <LI><a href="#[5a]">IRQ020_Handler</a> from hc32f4a0_interrupts.o(i.IRQ020_Handler) referenced from startup_hc32f4a0.o(RESET)
 <LI><a href="#[5b]">IRQ021_Handler</a> from hc32f4a0_interrupts.o(i.IRQ021_Handler) referenced from startup_hc32f4a0.o(RESET)
 <LI><a href="#[5c]">IRQ022_Handler</a> from hc32f4a0_interrupts.o(i.IRQ022_Handler) referenced from startup_hc32f4a0.o(RESET)
 <LI><a href="#[5d]">IRQ023_Handler</a> from hc32f4a0_interrupts.o(i.IRQ023_Handler) referenced from startup_hc32f4a0.o(RESET)
 <LI><a href="#[5e]">IRQ024_Handler</a> from hc32f4a0_interrupts.o(i.IRQ024_Handler) referenced from startup_hc32f4a0.o(RESET)
 <LI><a href="#[5f]">IRQ025_Handler</a> from hc32f4a0_interrupts.o(i.IRQ025_Handler) referenced from startup_hc32f4a0.o(RESET)
 <LI><a href="#[60]">IRQ026_Handler</a> from hc32f4a0_interrupts.o(i.IRQ026_Handler) referenced from startup_hc32f4a0.o(RESET)
 <LI><a href="#[61]">IRQ027_Handler</a> from hc32f4a0_interrupts.o(i.IRQ027_Handler) referenced from startup_hc32f4a0.o(RESET)
 <LI><a href="#[62]">IRQ028_Handler</a> from hc32f4a0_interrupts.o(i.IRQ028_Handler) referenced from startup_hc32f4a0.o(RESET)
 <LI><a href="#[63]">IRQ029_Handler</a> from hc32f4a0_interrupts.o(i.IRQ029_Handler) referenced from startup_hc32f4a0.o(RESET)
 <LI><a href="#[64]">IRQ030_Handler</a> from hc32f4a0_interrupts.o(i.IRQ030_Handler) referenced from startup_hc32f4a0.o(RESET)
 <LI><a href="#[65]">IRQ031_Handler</a> from hc32f4a0_interrupts.o(i.IRQ031_Handler) referenced from startup_hc32f4a0.o(RESET)
 <LI><a href="#[66]">IRQ032_Handler</a> from hc32f4a0_interrupts.o(i.IRQ032_Handler) referenced from startup_hc32f4a0.o(RESET)
 <LI><a href="#[67]">IRQ033_Handler</a> from hc32f4a0_interrupts.o(i.IRQ033_Handler) referenced from startup_hc32f4a0.o(RESET)
 <LI><a href="#[68]">IRQ034_Handler</a> from hc32f4a0_interrupts.o(i.IRQ034_Handler) referenced from startup_hc32f4a0.o(RESET)
 <LI><a href="#[69]">IRQ035_Handler</a> from hc32f4a0_interrupts.o(i.IRQ035_Handler) referenced from startup_hc32f4a0.o(RESET)
 <LI><a href="#[6a]">IRQ036_Handler</a> from hc32f4a0_interrupts.o(i.IRQ036_Handler) referenced from startup_hc32f4a0.o(RESET)
 <LI><a href="#[6b]">IRQ037_Handler</a> from hc32f4a0_interrupts.o(i.IRQ037_Handler) referenced from startup_hc32f4a0.o(RESET)
 <LI><a href="#[6c]">IRQ038_Handler</a> from hc32f4a0_interrupts.o(i.IRQ038_Handler) referenced from startup_hc32f4a0.o(RESET)
 <LI><a href="#[6d]">IRQ039_Handler</a> from hc32f4a0_interrupts.o(i.IRQ039_Handler) referenced from startup_hc32f4a0.o(RESET)
 <LI><a href="#[6e]">IRQ040_Handler</a> from hc32f4a0_interrupts.o(i.IRQ040_Handler) referenced from startup_hc32f4a0.o(RESET)
 <LI><a href="#[6f]">IRQ041_Handler</a> from hc32f4a0_interrupts.o(i.IRQ041_Handler) referenced from startup_hc32f4a0.o(RESET)
 <LI><a href="#[70]">IRQ042_Handler</a> from hc32f4a0_interrupts.o(i.IRQ042_Handler) referenced from startup_hc32f4a0.o(RESET)
 <LI><a href="#[71]">IRQ043_Handler</a> from hc32f4a0_interrupts.o(i.IRQ043_Handler) referenced from startup_hc32f4a0.o(RESET)
 <LI><a href="#[72]">IRQ044_Handler</a> from hc32f4a0_interrupts.o(i.IRQ044_Handler) referenced from startup_hc32f4a0.o(RESET)
 <LI><a href="#[73]">IRQ045_Handler</a> from hc32f4a0_interrupts.o(i.IRQ045_Handler) referenced from startup_hc32f4a0.o(RESET)
 <LI><a href="#[74]">IRQ046_Handler</a> from hc32f4a0_interrupts.o(i.IRQ046_Handler) referenced from startup_hc32f4a0.o(RESET)
 <LI><a href="#[75]">IRQ047_Handler</a> from hc32f4a0_interrupts.o(i.IRQ047_Handler) referenced from startup_hc32f4a0.o(RESET)
 <LI><a href="#[76]">IRQ048_Handler</a> from hc32f4a0_interrupts.o(i.IRQ048_Handler) referenced from startup_hc32f4a0.o(RESET)
 <LI><a href="#[77]">IRQ049_Handler</a> from hc32f4a0_interrupts.o(i.IRQ049_Handler) referenced from startup_hc32f4a0.o(RESET)
 <LI><a href="#[78]">IRQ050_Handler</a> from hc32f4a0_interrupts.o(i.IRQ050_Handler) referenced from startup_hc32f4a0.o(RESET)
 <LI><a href="#[79]">IRQ051_Handler</a> from hc32f4a0_interrupts.o(i.IRQ051_Handler) referenced from startup_hc32f4a0.o(RESET)
 <LI><a href="#[7a]">IRQ052_Handler</a> from hc32f4a0_interrupts.o(i.IRQ052_Handler) referenced from startup_hc32f4a0.o(RESET)
 <LI><a href="#[7b]">IRQ053_Handler</a> from hc32f4a0_interrupts.o(i.IRQ053_Handler) referenced from startup_hc32f4a0.o(RESET)
 <LI><a href="#[7c]">IRQ054_Handler</a> from hc32f4a0_interrupts.o(i.IRQ054_Handler) referenced from startup_hc32f4a0.o(RESET)
 <LI><a href="#[7d]">IRQ055_Handler</a> from hc32f4a0_interrupts.o(i.IRQ055_Handler) referenced from startup_hc32f4a0.o(RESET)
 <LI><a href="#[7e]">IRQ056_Handler</a> from hc32f4a0_interrupts.o(i.IRQ056_Handler) referenced from startup_hc32f4a0.o(RESET)
 <LI><a href="#[7f]">IRQ057_Handler</a> from hc32f4a0_interrupts.o(i.IRQ057_Handler) referenced from startup_hc32f4a0.o(RESET)
 <LI><a href="#[80]">IRQ058_Handler</a> from hc32f4a0_interrupts.o(i.IRQ058_Handler) referenced from startup_hc32f4a0.o(RESET)
 <LI><a href="#[81]">IRQ059_Handler</a> from hc32f4a0_interrupts.o(i.IRQ059_Handler) referenced from startup_hc32f4a0.o(RESET)
 <LI><a href="#[82]">IRQ060_Handler</a> from hc32f4a0_interrupts.o(i.IRQ060_Handler) referenced from startup_hc32f4a0.o(RESET)
 <LI><a href="#[83]">IRQ061_Handler</a> from hc32f4a0_interrupts.o(i.IRQ061_Handler) referenced from startup_hc32f4a0.o(RESET)
 <LI><a href="#[84]">IRQ062_Handler</a> from hc32f4a0_interrupts.o(i.IRQ062_Handler) referenced from startup_hc32f4a0.o(RESET)
 <LI><a href="#[85]">IRQ063_Handler</a> from hc32f4a0_interrupts.o(i.IRQ063_Handler) referenced from startup_hc32f4a0.o(RESET)
 <LI><a href="#[86]">IRQ064_Handler</a> from hc32f4a0_interrupts.o(i.IRQ064_Handler) referenced from startup_hc32f4a0.o(RESET)
 <LI><a href="#[87]">IRQ065_Handler</a> from hc32f4a0_interrupts.o(i.IRQ065_Handler) referenced from startup_hc32f4a0.o(RESET)
 <LI><a href="#[88]">IRQ066_Handler</a> from hc32f4a0_interrupts.o(i.IRQ066_Handler) referenced from startup_hc32f4a0.o(RESET)
 <LI><a href="#[89]">IRQ067_Handler</a> from hc32f4a0_interrupts.o(i.IRQ067_Handler) referenced from startup_hc32f4a0.o(RESET)
 <LI><a href="#[8a]">IRQ068_Handler</a> from hc32f4a0_interrupts.o(i.IRQ068_Handler) referenced from startup_hc32f4a0.o(RESET)
 <LI><a href="#[8b]">IRQ069_Handler</a> from hc32f4a0_interrupts.o(i.IRQ069_Handler) referenced from startup_hc32f4a0.o(RESET)
 <LI><a href="#[8c]">IRQ070_Handler</a> from hc32f4a0_interrupts.o(i.IRQ070_Handler) referenced from startup_hc32f4a0.o(RESET)
 <LI><a href="#[8d]">IRQ071_Handler</a> from hc32f4a0_interrupts.o(i.IRQ071_Handler) referenced from startup_hc32f4a0.o(RESET)
 <LI><a href="#[8e]">IRQ072_Handler</a> from hc32f4a0_interrupts.o(i.IRQ072_Handler) referenced from startup_hc32f4a0.o(RESET)
 <LI><a href="#[8f]">IRQ073_Handler</a> from hc32f4a0_interrupts.o(i.IRQ073_Handler) referenced from startup_hc32f4a0.o(RESET)
 <LI><a href="#[90]">IRQ074_Handler</a> from hc32f4a0_interrupts.o(i.IRQ074_Handler) referenced from startup_hc32f4a0.o(RESET)
 <LI><a href="#[91]">IRQ075_Handler</a> from hc32f4a0_interrupts.o(i.IRQ075_Handler) referenced from startup_hc32f4a0.o(RESET)
 <LI><a href="#[92]">IRQ076_Handler</a> from hc32f4a0_interrupts.o(i.IRQ076_Handler) referenced from startup_hc32f4a0.o(RESET)
 <LI><a href="#[93]">IRQ077_Handler</a> from hc32f4a0_interrupts.o(i.IRQ077_Handler) referenced from startup_hc32f4a0.o(RESET)
 <LI><a href="#[94]">IRQ078_Handler</a> from hc32f4a0_interrupts.o(i.IRQ078_Handler) referenced from startup_hc32f4a0.o(RESET)
 <LI><a href="#[95]">IRQ079_Handler</a> from hc32f4a0_interrupts.o(i.IRQ079_Handler) referenced from startup_hc32f4a0.o(RESET)
 <LI><a href="#[96]">IRQ080_Handler</a> from hc32f4a0_interrupts.o(i.IRQ080_Handler) referenced from startup_hc32f4a0.o(RESET)
 <LI><a href="#[97]">IRQ081_Handler</a> from hc32f4a0_interrupts.o(i.IRQ081_Handler) referenced from startup_hc32f4a0.o(RESET)
 <LI><a href="#[98]">IRQ082_Handler</a> from hc32f4a0_interrupts.o(i.IRQ082_Handler) referenced from startup_hc32f4a0.o(RESET)
 <LI><a href="#[99]">IRQ083_Handler</a> from hc32f4a0_interrupts.o(i.IRQ083_Handler) referenced from startup_hc32f4a0.o(RESET)
 <LI><a href="#[9a]">IRQ084_Handler</a> from hc32f4a0_interrupts.o(i.IRQ084_Handler) referenced from startup_hc32f4a0.o(RESET)
 <LI><a href="#[9b]">IRQ085_Handler</a> from hc32f4a0_interrupts.o(i.IRQ085_Handler) referenced from startup_hc32f4a0.o(RESET)
 <LI><a href="#[9c]">IRQ086_Handler</a> from hc32f4a0_interrupts.o(i.IRQ086_Handler) referenced from startup_hc32f4a0.o(RESET)
 <LI><a href="#[9d]">IRQ087_Handler</a> from hc32f4a0_interrupts.o(i.IRQ087_Handler) referenced from startup_hc32f4a0.o(RESET)
 <LI><a href="#[9e]">IRQ088_Handler</a> from hc32f4a0_interrupts.o(i.IRQ088_Handler) referenced from startup_hc32f4a0.o(RESET)
 <LI><a href="#[9f]">IRQ089_Handler</a> from hc32f4a0_interrupts.o(i.IRQ089_Handler) referenced from startup_hc32f4a0.o(RESET)
 <LI><a href="#[a0]">IRQ090_Handler</a> from hc32f4a0_interrupts.o(i.IRQ090_Handler) referenced from startup_hc32f4a0.o(RESET)
 <LI><a href="#[a1]">IRQ091_Handler</a> from hc32f4a0_interrupts.o(i.IRQ091_Handler) referenced from startup_hc32f4a0.o(RESET)
 <LI><a href="#[a2]">IRQ092_Handler</a> from hc32f4a0_interrupts.o(i.IRQ092_Handler) referenced from startup_hc32f4a0.o(RESET)
 <LI><a href="#[a3]">IRQ093_Handler</a> from hc32f4a0_interrupts.o(i.IRQ093_Handler) referenced from startup_hc32f4a0.o(RESET)
 <LI><a href="#[a4]">IRQ094_Handler</a> from hc32f4a0_interrupts.o(i.IRQ094_Handler) referenced from startup_hc32f4a0.o(RESET)
 <LI><a href="#[a5]">IRQ095_Handler</a> from hc32f4a0_interrupts.o(i.IRQ095_Handler) referenced from startup_hc32f4a0.o(RESET)
 <LI><a href="#[a6]">IRQ096_Handler</a> from hc32f4a0_interrupts.o(i.IRQ096_Handler) referenced from startup_hc32f4a0.o(RESET)
 <LI><a href="#[a7]">IRQ097_Handler</a> from hc32f4a0_interrupts.o(i.IRQ097_Handler) referenced from startup_hc32f4a0.o(RESET)
 <LI><a href="#[a8]">IRQ098_Handler</a> from hc32f4a0_interrupts.o(i.IRQ098_Handler) referenced from startup_hc32f4a0.o(RESET)
 <LI><a href="#[a9]">IRQ099_Handler</a> from hc32f4a0_interrupts.o(i.IRQ099_Handler) referenced from startup_hc32f4a0.o(RESET)
 <LI><a href="#[aa]">IRQ100_Handler</a> from hc32f4a0_interrupts.o(i.IRQ100_Handler) referenced from startup_hc32f4a0.o(RESET)
 <LI><a href="#[ab]">IRQ101_Handler</a> from hc32f4a0_interrupts.o(i.IRQ101_Handler) referenced from startup_hc32f4a0.o(RESET)
 <LI><a href="#[ac]">IRQ102_Handler</a> from hc32f4a0_interrupts.o(i.IRQ102_Handler) referenced from startup_hc32f4a0.o(RESET)
 <LI><a href="#[ad]">IRQ103_Handler</a> from hc32f4a0_interrupts.o(i.IRQ103_Handler) referenced from startup_hc32f4a0.o(RESET)
 <LI><a href="#[ae]">IRQ104_Handler</a> from hc32f4a0_interrupts.o(i.IRQ104_Handler) referenced from startup_hc32f4a0.o(RESET)
 <LI><a href="#[af]">IRQ105_Handler</a> from hc32f4a0_interrupts.o(i.IRQ105_Handler) referenced from startup_hc32f4a0.o(RESET)
 <LI><a href="#[b0]">IRQ106_Handler</a> from hc32f4a0_interrupts.o(i.IRQ106_Handler) referenced from startup_hc32f4a0.o(RESET)
 <LI><a href="#[b1]">IRQ107_Handler</a> from hc32f4a0_interrupts.o(i.IRQ107_Handler) referenced from startup_hc32f4a0.o(RESET)
 <LI><a href="#[b2]">IRQ108_Handler</a> from hc32f4a0_interrupts.o(i.IRQ108_Handler) referenced from startup_hc32f4a0.o(RESET)
 <LI><a href="#[b3]">IRQ109_Handler</a> from hc32f4a0_interrupts.o(i.IRQ109_Handler) referenced from startup_hc32f4a0.o(RESET)
 <LI><a href="#[b4]">IRQ110_Handler</a> from hc32f4a0_interrupts.o(i.IRQ110_Handler) referenced from startup_hc32f4a0.o(RESET)
 <LI><a href="#[b5]">IRQ111_Handler</a> from hc32f4a0_interrupts.o(i.IRQ111_Handler) referenced from startup_hc32f4a0.o(RESET)
 <LI><a href="#[b6]">IRQ112_Handler</a> from hc32f4a0_interrupts.o(i.IRQ112_Handler) referenced from startup_hc32f4a0.o(RESET)
 <LI><a href="#[b7]">IRQ113_Handler</a> from hc32f4a0_interrupts.o(i.IRQ113_Handler) referenced from startup_hc32f4a0.o(RESET)
 <LI><a href="#[b8]">IRQ114_Handler</a> from hc32f4a0_interrupts.o(i.IRQ114_Handler) referenced from startup_hc32f4a0.o(RESET)
 <LI><a href="#[b9]">IRQ115_Handler</a> from hc32f4a0_interrupts.o(i.IRQ115_Handler) referenced from startup_hc32f4a0.o(RESET)
 <LI><a href="#[ba]">IRQ116_Handler</a> from hc32f4a0_interrupts.o(i.IRQ116_Handler) referenced from startup_hc32f4a0.o(RESET)
 <LI><a href="#[bb]">IRQ117_Handler</a> from hc32f4a0_interrupts.o(i.IRQ117_Handler) referenced from startup_hc32f4a0.o(RESET)
 <LI><a href="#[bc]">IRQ118_Handler</a> from hc32f4a0_interrupts.o(i.IRQ118_Handler) referenced from startup_hc32f4a0.o(RESET)
 <LI><a href="#[bd]">IRQ119_Handler</a> from hc32f4a0_interrupts.o(i.IRQ119_Handler) referenced from startup_hc32f4a0.o(RESET)
 <LI><a href="#[be]">IRQ120_Handler</a> from hc32f4a0_interrupts.o(i.IRQ120_Handler) referenced from startup_hc32f4a0.o(RESET)
 <LI><a href="#[bf]">IRQ121_Handler</a> from hc32f4a0_interrupts.o(i.IRQ121_Handler) referenced from startup_hc32f4a0.o(RESET)
 <LI><a href="#[c0]">IRQ122_Handler</a> from hc32f4a0_interrupts.o(i.IRQ122_Handler) referenced from startup_hc32f4a0.o(RESET)
 <LI><a href="#[c1]">IRQ123_Handler</a> from hc32f4a0_interrupts.o(i.IRQ123_Handler) referenced from startup_hc32f4a0.o(RESET)
 <LI><a href="#[c2]">IRQ124_Handler</a> from hc32f4a0_interrupts.o(i.IRQ124_Handler) referenced from startup_hc32f4a0.o(RESET)
 <LI><a href="#[c3]">IRQ125_Handler</a> from hc32f4a0_interrupts.o(i.IRQ125_Handler) referenced from startup_hc32f4a0.o(RESET)
 <LI><a href="#[c4]">IRQ126_Handler</a> from hc32f4a0_interrupts.o(i.IRQ126_Handler) referenced from startup_hc32f4a0.o(RESET)
 <LI><a href="#[c5]">IRQ127_Handler</a> from hc32f4a0_interrupts.o(i.IRQ127_Handler) referenced from startup_hc32f4a0.o(RESET)
 <LI><a href="#[c6]">IRQ128_Handler</a> from hc32f4a0_interrupts.o(i.IRQ128_Handler) referenced from startup_hc32f4a0.o(RESET)
 <LI><a href="#[c7]">IRQ129_Handler</a> from hc32f4a0_interrupts.o(i.IRQ129_Handler) referenced from startup_hc32f4a0.o(RESET)
 <LI><a href="#[c8]">IRQ130_Handler</a> from hc32f4a0_interrupts.o(i.IRQ130_Handler) referenced from startup_hc32f4a0.o(RESET)
 <LI><a href="#[c9]">IRQ131_Handler</a> from hc32f4a0_interrupts.o(i.IRQ131_Handler) referenced from startup_hc32f4a0.o(RESET)
 <LI><a href="#[ca]">IRQ132_Handler</a> from hc32f4a0_interrupts.o(i.IRQ132_Handler) referenced from startup_hc32f4a0.o(RESET)
 <LI><a href="#[cb]">IRQ133_Handler</a> from hc32f4a0_interrupts.o(i.IRQ133_Handler) referenced from startup_hc32f4a0.o(RESET)
 <LI><a href="#[cc]">IRQ134_Handler</a> from hc32f4a0_interrupts.o(i.IRQ134_Handler) referenced from startup_hc32f4a0.o(RESET)
 <LI><a href="#[cd]">IRQ135_Handler</a> from hc32f4a0_interrupts.o(i.IRQ135_Handler) referenced from startup_hc32f4a0.o(RESET)
 <LI><a href="#[ce]">IRQ136_Handler</a> from hc32f4a0_interrupts.o(i.IRQ136_Handler) referenced from startup_hc32f4a0.o(RESET)
 <LI><a href="#[cf]">IRQ137_Handler</a> from hc32f4a0_interrupts.o(i.IRQ137_Handler) referenced from startup_hc32f4a0.o(RESET)
 <LI><a href="#[d0]">IRQ138_Handler</a> from hc32f4a0_interrupts.o(i.IRQ138_Handler) referenced from startup_hc32f4a0.o(RESET)
 <LI><a href="#[d1]">IRQ139_Handler</a> from hc32f4a0_interrupts.o(i.IRQ139_Handler) referenced from startup_hc32f4a0.o(RESET)
 <LI><a href="#[d2]">IRQ140_Handler</a> from hc32f4a0_interrupts.o(i.IRQ140_Handler) referenced from startup_hc32f4a0.o(RESET)
 <LI><a href="#[d3]">IRQ141_Handler</a> from hc32f4a0_interrupts.o(i.IRQ141_Handler) referenced from startup_hc32f4a0.o(RESET)
 <LI><a href="#[d4]">IRQ142_Handler</a> from hc32f4a0_interrupts.o(i.IRQ142_Handler) referenced from startup_hc32f4a0.o(RESET)
 <LI><a href="#[d5]">IRQ143_Handler</a> from hc32f4a0_interrupts.o(i.IRQ143_Handler) referenced from startup_hc32f4a0.o(RESET)
 <LI><a href="#[10f]">Led_Adapt</a> from app_task.o(i.Led_Adapt) referenced from app_task.o(i.Task_Build)
 <LI><a href="#[ef]">Lightning_InitI</a> from light_effect.o(i.Lightning_InitI) referenced from light_effect.o(i.Effect_Lightning_Init)
 <LI><a href="#[ee]">Lightning_InitII</a> from light_effect.o(i.Lightning_InitII) referenced from light_effect.o(i.Effect_LightningII_Init)
 <LI><a href="#[ed]">Lightning_InitIII</a> from light_effect.o(i.Lightning_InitIII) referenced from light_effect.o(i.Effect_LightningIII_Init)
 <LI><a href="#[3f]">MemManage_Handler</a> from hc32f4a0_interrupts.o(i.MemManage_Handler) referenced from startup_hc32f4a0.o(RESET)
 <LI><a href="#[3d]">NMI_Handler</a> from hc32f4a0_interrupts.o(i.NMI_Handler) referenced from startup_hc32f4a0.o(RESET)
 <LI><a href="#[f0]">PaparazziII_Init</a> from light_effect.o(i.PaparazziII_Init) referenced from light_effect.o(i.Effect_PaparazziII_Init)
 <LI><a href="#[f1]">PaparazziI_Init</a> from light_effect.o(i.PaparazziI_Init) referenced from light_effect.o(i.Effect_Paparazzi_Init)
 <LI><a href="#[f3]">PartyLights_InitI</a> from light_effect.o(i.PartyLights_InitI) referenced from light_effect.o(i.Effect_PartyLights_Init)
 <LI><a href="#[f2]">PartyLights_InitII</a> from light_effect.o(i.PartyLights_InitII) referenced from light_effect.o(i.Effect_PartyLightsII_Init)
 <LI><a href="#[44]">PendSV_Handler</a> from hc32f4a0_interrupts.o(i.PendSV_Handler) referenced from startup_hc32f4a0.o(RESET)
 <LI><a href="#[f6]">Pulsing_InitI</a> from light_effect.o(i.Pulsing_InitI) referenced from light_effect.o(i.Effect_Pulsing_Init)
 <LI><a href="#[f5]">Pulsing_InitII</a> from light_effect.o(i.Pulsing_InitII) referenced from light_effect.o(i.Effect_PulsingII_Init)
 <LI><a href="#[f4]">Pulsing_InitIII</a> from light_effect.o(i.Pulsing_InitIII) referenced from light_effect.o(i.Effect_PulsingIII_Init)
 <LI><a href="#[1]">RS485_2_RxTimeout_IRQHandler</a> from bsp_usart.o(i.RS485_2_RxTimeout_IRQHandler) referenced 2 times from bsp_usart.o(.data)
 <LI><a href="#[3]">RS485_2_TX_DMA_TC_IRQHandler</a> from bsp_usart.o(i.RS485_2_TX_DMA_TC_IRQHandler) referenced 2 times from bsp_usart.o(.data)
 <LI><a href="#[2]">RS485_3_RxTimeout_IRQHandler</a> from bsp_usart.o(i.RS485_3_RxTimeout_IRQHandler) referenced 2 times from bsp_usart.o(.data)
 <LI><a href="#[4]">RS485_3_TX_DMA_TC_IRQHandler</a> from bsp_usart.o(i.RS485_3_TX_DMA_TC_IRQHandler) referenced 2 times from bsp_usart.o(.data)
 <LI><a href="#[104]">Recv_Rs485_Callback</a> from rs485.o(i.Recv_Rs485_Callback) referenced from rs485.o(i.Rs485_Msg_Init)
 <LI><a href="#[ff]">Relay23_RxErr_IrqCallback</a> from bsp_usart.o(i.Relay23_RxErr_IrqCallback) referenced from bsp_usart.o(i.Error_Init)
 <LI><a href="#[fe]">Relay45_RxErr_IrqCallback</a> from bsp_usart.o(i.Relay45_RxErr_IrqCallback) referenced from bsp_usart.o(i.Error_Init)
 <LI><a href="#[3c]">Reset_Handler</a> from startup_hc32f4a0.o(.text) referenced from startup_hc32f4a0.o(RESET)
 <LI><a href="#[42]">SVC_Handler</a> from hc32f4a0_interrupts.o(i.SVC_Handler) referenced from startup_hc32f4a0.o(RESET)
 <LI><a href="#[106]">Send_Rs485_Data</a> from rs485.o(i.Send_Rs485_Data) referenced from rs485.o(i.Rs485_Msg_Init)
 <LI><a href="#[105]">Send_Rs485_Over_Callback</a> from rs485.o(i.Send_Rs485_Over_Callback) referenced from rs485.o(i.Rs485_Msg_Init)
 <LI><a href="#[116]">SidusProFX_1Ms_Callback</a> from sidusprofx.o(i.SidusProFX_1Ms_Callback) referenced from bsp_timer.o(i.Timer2_1_Config)
 <LI><a href="#[10a]">Start_Run</a> from security_user_implement.o(i.Start_Run) referenced from security_user_implement.o(i.Security_Init)
 <LI><a href="#[f7]">StrobeII_Init</a> from light_effect.o(i.StrobeII_Init) referenced from light_effect.o(i.Effect_StrobeII_Init)
 <LI><a href="#[f8]">StrobeI_Init</a> from light_effect.o(i.StrobeI_Init) referenced from light_effect.o(i.Effect_Strobe_Init)
 <LI><a href="#[45]">SysTick_Handler</a> from hc32f4a0_interrupts.o(i.SysTick_Handler) referenced from startup_hc32f4a0.o(RESET)
 <LI><a href="#[d7]">SystemInit</a> from system_hc32f4a0.o(i.SystemInit) referenced from startup_hc32f4a0.o(.text)
 <LI><a href="#[118]">TMR2_1_Cmp_IrqCallback</a> from bsp_timer.o(i.TMR2_1_Cmp_IrqCallback) referenced from bsp_timer.o(i.Tmr2_1_IrqConfig)
 <LI><a href="#[fb]">TV_InitI</a> from light_effect.o(i.TV_InitI) referenced from light_effect.o(i.Effect_TV_Init)
 <LI><a href="#[fa]">TV_InitII</a> from light_effect.o(i.TV_InitII) referenced from light_effect.o(i.Effect_TVII_Init)
 <LI><a href="#[f9]">TV_InitIII</a> from light_effect.o(i.TV_InitIII) referenced from light_effect.o(i.Effect_TVIII_Init)
 <LI><a href="#[111]">Task_Electronic_Recieve</a> from app_task.o(i.Task_Electronic_Recieve) referenced from app_task.o(i.Task_Build)
 <LI><a href="#[114]">Task_Electronic_Stall_Crc_Reset</a> from app_task.o(i.Task_Electronic_Stall_Crc_Reset) referenced from app_task.o(i.Task_Build)
 <LI><a href="#[113]">Task_Electronic_angel</a> from app_task.o(i.Task_Electronic_angel) referenced from app_task.o(i.Task_Build)
 <LI><a href="#[10d]">Task_Main_Logic</a> from app_task.o(i.Task_Main_Logic) referenced from app_task.o(i.Task_Build)
 <LI><a href="#[10c]">Task_Rs485</a> from app_task.o(i.Task_Rs485) referenced from app_task.o(i.Task_Build)
 <LI><a href="#[115]">Task_Sent_Electronic_Data</a> from app_task.o(i.Task_Sent_Electronic_Data) referenced from app_task.o(i.Task_Build)
 <LI><a href="#[110]">Task_SidusFx</a> from app_task.o(i.Task_SidusFx) referenced from app_task.o(i.Task_Build)
 <LI><a href="#[10e]">Task_Store</a> from app_task.o(i.Task_Store) referenced from app_task.o(i.Task_Build)
 <LI><a href="#[127]">USART_RxErr_IrqCallback</a> from bsp_rs485.o(i.USART_RxErr_IrqCallback) referenced from bsp_rs485.o(i.rs485_slave_init)
 <LI><a href="#[128]">USART_RxTimeout_IrqCallback</a> from bsp_rs485.o(i.USART_RxTimeout_IrqCallback) referenced from bsp_rs485.o(i.rs485_slave_init)
 <LI><a href="#[41]">UsageFault_Handler</a> from hc32f4a0_interrupts.o(i.UsageFault_Handler) referenced from startup_hc32f4a0.o(RESET)
 <LI><a href="#[de]">Usart_Port_Init</a> from bsp_debug.o(i.Usart_Port_Init) referenced from bsp_debug.o(i.Debug_Usart_Init)
 <LI><a href="#[3b]">Water_SetCmpVal</a> from bsp_fan.o(i.Water_SetCmpVal) referenced 2 times from fan.o(.data)
 <LI><a href="#[119]">Water_TMRA_Cmp_IrqCallback</a> from bsp_fan.o(i.Water_TMRA_Cmp_IrqCallback) referenced from bsp_fan.o(i.Water_TmrAIrqConfig)
 <LI><a href="#[fc]">WeldingII_Init</a> from light_effect.o(i.WeldingII_Init) referenced from light_effect.o(i.Effect_WeldingII_Init)
 <LI><a href="#[fd]">WeldingI_Init</a> from light_effect.o(i.WeldingI_Init) referenced from light_effect.o(i.Effect_Welding_Init)
 <LI><a href="#[d8]">__main</a> from entry.o(.ARM.Collect$$$$00000000) referenced from startup_hc32f4a0.o(.text)
 <LI><a href="#[dd]">dma_tx_tc_irqcallback</a> from bsp_rs485.o(i.dma_tx_tc_irqcallback) referenced from bsp_rs485.o(i.DMA_Tx_Config)
 <LI><a href="#[11a]">fputc</a> from hc32f4a0_utility.o(i.fputc) referenced from printfa.o(i.__0printf)
 <LI><a href="#[108]">get_cfx_file_state</a> from siduspro_interface.o(i.get_cfx_file_state) referenced from rs485_proto_slave_recv.o(i.Rs485_Slave_AnalysisAndPackage)
 <LI><a href="#[109]">get_cfx_init_state</a> from siduspro_interface.o(i.get_cfx_init_state) referenced from rs485_proto_slave_recv.o(i.Rs485_Slave_AnalysisAndPackage)
 <LI><a href="#[11b]">int1_callback</a> from mpu6050.o(i.int1_callback) referenced from mpu6050.o(i.gyro_int1_config)
 <LI><a href="#[11c]">lfs_alloc_lookahead</a> from lfs.o(i.lfs_alloc_lookahead) referenced from lfs.o(i.lfs_alloc)
 <LI><a href="#[11d]">lfs_dir_commit_commit</a> from lfs.o(i.lfs_dir_commit_commit) referenced from lfs.o(i.lfs_dir_commit)
 <LI><a href="#[11d]">lfs_dir_commit_commit</a> from lfs.o(i.lfs_dir_commit_commit) referenced from lfs.o(i.lfs_dir_compact)
 <LI><a href="#[11e]">lfs_dir_commit_size</a> from lfs.o(i.lfs_dir_commit_size) referenced from lfs.o(i.lfs_dir_compact)
 <LI><a href="#[11f]">lfs_dir_find_match</a> from lfs.o(i.lfs_dir_find_match) referenced from lfs.o(i.lfs_dir_find)
 <LI><a href="#[11f]">lfs_dir_find_match</a> from lfs.o(i.lfs_dir_find_match) referenced from lfs.o(i.lfs_mount)
 <LI><a href="#[120]">lfs_dir_traverse_filter</a> from lfs.o(i.lfs_dir_traverse_filter) referenced from lfs.o(i.lfs_dir_traverse)
 <LI><a href="#[121]">lfs_fs_parent_match</a> from lfs.o(i.lfs_fs_parent_match) referenced from lfs.o(i.lfs_fs_parent)
 <LI><a href="#[122]">lfs_fs_size_count</a> from lfs.o(i.lfs_fs_size_count) referenced from lfs.o(i.lfs_fs_size)
 <LI><a href="#[123]">lsm16x_int1_callback</a> from lsm16x_iic.o(i.lsm16x_int1_callback) referenced from lsm16x_iic.o(i.lsm16x_int1_config)
 <LI><a href="#[112]">lsm16x_task</a> from app_task.o(i.lsm16x_task) referenced from app_task.o(i.Task_Build)
 <LI><a href="#[d6]">main</a> from system_hc32f4a0.o(i.$Sub$$main) referenced from entry9a.o(.ARM.Collect$$$$0000000B)
 <LI><a href="#[d6]">main</a> from system_hc32f4a0.o(i.$Sub$$main) referenced from security_user_implement.o(i.Security_Init)
 <LI><a href="#[126]">platform_delay</a> from lsm6dsv16x_fifo_irq.o(i.platform_delay) referenced from lsm6dsv16x_fifo_irq.o(i.lsm6dsv16x_fifo_irq)
 <LI><a href="#[125]">platform_read</a> from lsm6dsv16x_fifo_irq.o(i.platform_read) referenced from lsm6dsv16x_fifo_irq.o(i.lsm6dsv16x_fifo_irq)
 <LI><a href="#[124]">platform_write</a> from lsm6dsv16x_fifo_irq.o(i.platform_write) referenced from lsm6dsv16x_fifo_irq.o(i.lsm6dsv16x_fifo_irq)
 <LI><a href="#[103]">rs485_rx_timeout_int_cb</a> from bsp_usart.o(i.rs485_rx_timeout_int_cb) referenced from bsp_usart.o(i.Rs485_2_Init)
 <LI><a href="#[10b]">tast_rs485_interrupt</a> from app_task.o(i.tast_rs485_interrupt) referenced from app_task.o(i.Task_Build)
 <LI><a href="#[12b]">user_provided_block_device_erase</a> from lfs_flash.o(i.user_provided_block_device_erase) referenced from lfs_flash.o(.constdata)
 <LI><a href="#[12a]">user_provided_block_device_prog</a> from lfs_flash.o(i.user_provided_block_device_prog) referenced from lfs_flash.o(.constdata)
 <LI><a href="#[129]">user_provided_block_device_read</a> from lfs_flash.o(i.user_provided_block_device_read) referenced from lfs_flash.o(.constdata)
 <LI><a href="#[12c]">user_provided_block_device_sync</a> from lfs_flash.o(i.user_provided_block_device_sync) referenced from lfs_flash.o(.constdata)
</UL>
<P>
<H3>
Global Symbols
</H3>
<P><STRONG><a name="[4f9]"></a>Function_Encrypt</STRONG> (Thumb, 82 bytes, Stack size 32 bytes, security_encrypt.o(i.Function_Encrypt))
<BR><BR>[Stack]<UL><LI>Max Depth = 88<LI>Call Chain = Function_Encrypt &rArr; AES_ECB_encrypt &rArr; Cipher &rArr; MixColumns
</UL>
<BR>[Calls]<UL><LI><a href="#[358]">&gt;&gt;</a>&nbsp;&nbsp;&nbsp;AES_ECB_encrypt
<LI><a href="#[315]">&gt;&gt;</a>&nbsp;&nbsp;&nbsp;__aeabi_memclr
</UL>
<BR>[Called By]<UL><LI><a href="#[4f8]">&gt;&gt;</a>&nbsp;&nbsp;&nbsp;Security_Init
</UL>

<P><STRONG><a name="[d8]"></a>__main</STRONG> (Thumb, 0 bytes, Stack size unknown bytes, entry.o(.ARM.Collect$$$$00000000))
<BR>[Address Reference Count : 1]<UL><LI> startup_hc32f4a0.o(.text)
</UL>
<P><STRONG><a name="[65b]"></a>_main_stk</STRONG> (Thumb, 0 bytes, Stack size unknown bytes, entry2.o(.ARM.Collect$$$$00000001))

<P><STRONG><a name="[310]"></a>_main_scatterload</STRONG> (Thumb, 0 bytes, Stack size unknown bytes, entry5.o(.ARM.Collect$$$$00000004))
<BR><BR>[Calls]<UL><LI><a href="#[311]">&gt;&gt;</a>&nbsp;&nbsp;&nbsp;__scatterload
</UL>

<P><STRONG><a name="[329]"></a>__main_after_scatterload</STRONG> (Thumb, 0 bytes, Stack size unknown bytes, entry5.o(.ARM.Collect$$$$00000004))
<BR><BR>[Called By]<UL><LI><a href="#[311]">&gt;&gt;</a>&nbsp;&nbsp;&nbsp;__scatterload
</UL>

<P><STRONG><a name="[65c]"></a>_main_clock</STRONG> (Thumb, 0 bytes, Stack size unknown bytes, entry7b.o(.ARM.Collect$$$$00000008))

<P><STRONG><a name="[65d]"></a>_main_cpp_init</STRONG> (Thumb, 0 bytes, Stack size unknown bytes, entry8b.o(.ARM.Collect$$$$0000000A))

<P><STRONG><a name="[65e]"></a>_main_init</STRONG> (Thumb, 0 bytes, Stack size unknown bytes, entry9a.o(.ARM.Collect$$$$0000000B))

<P><STRONG><a name="[65f]"></a>__rt_lib_shutdown_fini</STRONG> (Thumb, 0 bytes, Stack size unknown bytes, entry12b.o(.ARM.Collect$$$$0000000E))

<P><STRONG><a name="[660]"></a>__rt_final_cpp</STRONG> (Thumb, 0 bytes, Stack size unknown bytes, entry10a.o(.ARM.Collect$$$$0000000F))

<P><STRONG><a name="[661]"></a>__rt_final_exit</STRONG> (Thumb, 0 bytes, Stack size unknown bytes, entry11a.o(.ARM.Collect$$$$00000011))

<P><STRONG><a name="[3c]"></a>Reset_Handler</STRONG> (Thumb, 8 bytes, Stack size 0 bytes, startup_hc32f4a0.o(.text))
<BR>[Address Reference Count : 1]<UL><LI> startup_hc32f4a0.o(RESET)
</UL>
<P><STRONG><a name="[312]"></a>__aeabi_uldivmod</STRONG> (Thumb, 98 bytes, Stack size 40 bytes, uldiv.o(.text))
<BR><BR>[Stack]<UL><LI>Max Depth = 40<LI>Call Chain = __aeabi_uldivmod
</UL>
<BR>[Calls]<UL><LI><a href="#[313]">&gt;&gt;</a>&nbsp;&nbsp;&nbsp;__aeabi_llsr
<LI><a href="#[314]">&gt;&gt;</a>&nbsp;&nbsp;&nbsp;__aeabi_llsl
</UL>
<BR>[Called By]<UL><LI><a href="#[550]">&gt;&gt;</a>&nbsp;&nbsp;&nbsp;UartSetBaudrate
<LI><a href="#[3ab]">&gt;&gt;</a>&nbsp;&nbsp;&nbsp;CalcUartBaudrate
<LI><a href="#[3aa]">&gt;&gt;</a>&nbsp;&nbsp;&nbsp;CalcSmartcardBaudrate
<LI><a href="#[3a9]">&gt;&gt;</a>&nbsp;&nbsp;&nbsp;CalcClkSyncBaudrate
<LI><a href="#[563]">&gt;&gt;</a>&nbsp;&nbsp;&nbsp;_printf_core
<LI><a href="#[57e]">&gt;&gt;</a>&nbsp;&nbsp;&nbsp;_fp_digits
</UL>

<P><STRONG><a name="[4bd]"></a>rand</STRONG> (Thumb, 20 bytes, Stack size 0 bytes, rand.o(.text))
<BR><BR>[Called By]<UL><LI><a href="#[39d]">&gt;&gt;</a>&nbsp;&nbsp;&nbsp;SidusPro_Get_RandomRange
<LI><a href="#[4bb]">&gt;&gt;</a>&nbsp;&nbsp;&nbsp;RNG_Get_RandomNum
</UL>

<P><STRONG><a name="[4bc]"></a>srand</STRONG> (Thumb, 6 bytes, Stack size 0 bytes, rand.o(.text))
<BR><BR>[Called By]<UL><LI><a href="#[39d]">&gt;&gt;</a>&nbsp;&nbsp;&nbsp;SidusPro_Get_RandomRange
<LI><a href="#[4bb]">&gt;&gt;</a>&nbsp;&nbsp;&nbsp;RNG_Get_RandomNum
</UL>

<P><STRONG><a name="[662]"></a>___aeabi_memcpy8$move</STRONG> (Thumb, 0 bytes, Stack size 8 bytes, memmovea.o(.text), UNUSED)

<P><STRONG><a name="[33d]"></a>__aeabi_memcpy</STRONG> (Thumb, 64 bytes, Stack size 8 bytes, memmovea.o(.text))
<BR><BR>[Stack]<UL><LI>Max Depth = 8<LI>Call Chain = __aeabi_memcpy
</UL>
<BR>[Called By]<UL><LI><a href="#[4d6]">&gt;&gt;</a>&nbsp;&nbsp;&nbsp;SidusProFX_Arg_Init
<LI><a href="#[458]">&gt;&gt;</a>&nbsp;&nbsp;&nbsp;Get_Adc_Second_Ave_Val
<LI><a href="#[650]">&gt;&gt;</a>&nbsp;&nbsp;&nbsp;recover_iot_data
<LI><a href="#[5b6]">&gt;&gt;</a>&nbsp;&nbsp;&nbsp;get_iot_data
<LI><a href="#[515]">&gt;&gt;</a>&nbsp;&nbsp;&nbsp;SidusProFile_Flash_Task
<LI><a href="#[42b]">&gt;&gt;</a>&nbsp;&nbsp;&nbsp;Electronic_Para_Package
<LI><a href="#[50c]">&gt;&gt;</a>&nbsp;&nbsp;&nbsp;SidusProFile_CFX_Pack_Deal
<LI><a href="#[55e]">&gt;&gt;</a>&nbsp;&nbsp;&nbsp;Welding_Init
<LI><a href="#[537]">&gt;&gt;</a>&nbsp;&nbsp;&nbsp;TV_Init
<LI><a href="#[523]">&gt;&gt;</a>&nbsp;&nbsp;&nbsp;Strobe_Init
<LI><a href="#[4af]">&gt;&gt;</a>&nbsp;&nbsp;&nbsp;Pulsing_Init
<LI><a href="#[4a7]">&gt;&gt;</a>&nbsp;&nbsp;&nbsp;Paparazzi_Init
<LI><a href="#[481]">&gt;&gt;</a>&nbsp;&nbsp;&nbsp;Lightning_Init
<LI><a href="#[44f]">&gt;&gt;</a>&nbsp;&nbsp;&nbsp;Fire_Init
<LI><a href="#[44e]">&gt;&gt;</a>&nbsp;&nbsp;&nbsp;FaultBulb_Init
<LI><a href="#[436]">&gt;&gt;</a>&nbsp;&nbsp;&nbsp;Explosion_Init
<LI><a href="#[e4]">&gt;&gt;</a>&nbsp;&nbsp;&nbsp;DMXStrobe_Init
<LI><a href="#[3c3]">&gt;&gt;</a>&nbsp;&nbsp;&nbsp;Random_Sort
<LI><a href="#[d9]">&gt;&gt;</a>&nbsp;&nbsp;&nbsp;DMA_Btc1_IrqCallback
<LI><a href="#[da]">&gt;&gt;</a>&nbsp;&nbsp;&nbsp;DMA_Btc0_IrqCallback
<LI><a href="#[128]">&gt;&gt;</a>&nbsp;&nbsp;&nbsp;USART_RxTimeout_IrqCallback
<LI><a href="#[2]">&gt;&gt;</a>&nbsp;&nbsp;&nbsp;RS485_3_RxTimeout_IRQHandler
<LI><a href="#[42a]">&gt;&gt;</a>&nbsp;&nbsp;&nbsp;push_electronic_data
<LI><a href="#[4ef]">&gt;&gt;</a>&nbsp;&nbsp;&nbsp;Upgrade_Process_Ctr
<LI><a href="#[4f0]">&gt;&gt;</a>&nbsp;&nbsp;&nbsp;SidusProFile_FileTransfer_Receive
<LI><a href="#[427]">&gt;&gt;</a>&nbsp;&nbsp;&nbsp;Electronic_Package_Fuction
<LI><a href="#[4e4]">&gt;&gt;</a>&nbsp;&nbsp;&nbsp;Rs485_Slave_AnalysisAndPackage
<LI><a href="#[4f4]">&gt;&gt;</a>&nbsp;&nbsp;&nbsp;Rs485_Slave_Data_Check
<LI><a href="#[455]">&gt;&gt;</a>&nbsp;&nbsp;&nbsp;Function_Decrypt
<LI><a href="#[35d]">&gt;&gt;</a>&nbsp;&nbsp;&nbsp;AES_init_ctx_iv
<LI><a href="#[354]">&gt;&gt;</a>&nbsp;&nbsp;&nbsp;AES_CBC_decrypt_buffer
<LI><a href="#[33f]">&gt;&gt;</a>&nbsp;&nbsp;&nbsp;mixing_dev_init
<LI><a href="#[33b]">&gt;&gt;</a>&nbsp;&nbsp;&nbsp;led_cfg_init
<LI><a href="#[605]">&gt;&gt;</a>&nbsp;&nbsp;&nbsp;lfs_file_relocate
<LI><a href="#[602]">&gt;&gt;</a>&nbsp;&nbsp;&nbsp;lfs_dir_getread
<LI><a href="#[5c3]">&gt;&gt;</a>&nbsp;&nbsp;&nbsp;lfs_bd_read
<LI><a href="#[5c7]">&gt;&gt;</a>&nbsp;&nbsp;&nbsp;lfs_bd_prog
<LI><a href="#[42f]">&gt;&gt;</a>&nbsp;&nbsp;&nbsp;sent_heartbeat
<LI><a href="#[426]">&gt;&gt;</a>&nbsp;&nbsp;&nbsp;Electronic_Anlaysic_Fuction
</UL>

<P><STRONG><a name="[340]"></a>__aeabi_memcpy4</STRONG> (Thumb, 0 bytes, Stack size 8 bytes, memmovea.o(.text))
<BR><BR>[Stack]<UL><LI>Max Depth = 8<LI>Call Chain = __aeabi_memcpy4
</UL>
<BR>[Called By]<UL><LI><a href="#[4cb]">&gt;&gt;</a>&nbsp;&nbsp;&nbsp;color_mixing_init
<LI><a href="#[42b]">&gt;&gt;</a>&nbsp;&nbsp;&nbsp;Electronic_Para_Package
<LI><a href="#[de]">&gt;&gt;</a>&nbsp;&nbsp;&nbsp;Usart_Port_Init
<LI><a href="#[382]">&gt;&gt;</a>&nbsp;&nbsp;&nbsp;rs485_slave_init
<LI><a href="#[4df]">&gt;&gt;</a>&nbsp;&nbsp;&nbsp;hal_rs485_usart_init
<LI><a href="#[4de]">&gt;&gt;</a>&nbsp;&nbsp;&nbsp;Rs485_2_Init
<LI><a href="#[1]">&gt;&gt;</a>&nbsp;&nbsp;&nbsp;RS485_2_RxTimeout_IRQHandler
<LI><a href="#[103]">&gt;&gt;</a>&nbsp;&nbsp;&nbsp;rs485_rx_timeout_int_cb
<LI><a href="#[427]">&gt;&gt;</a>&nbsp;&nbsp;&nbsp;Electronic_Package_Fuction
<LI><a href="#[33f]">&gt;&gt;</a>&nbsp;&nbsp;&nbsp;mixing_dev_init
<LI><a href="#[614]">&gt;&gt;</a>&nbsp;&nbsp;&nbsp;lfs_mount
<LI><a href="#[5bf]">&gt;&gt;</a>&nbsp;&nbsp;&nbsp;lfs_fs_traverseraw
<LI><a href="#[60a]">&gt;&gt;</a>&nbsp;&nbsp;&nbsp;lfs_format
<LI><a href="#[610]">&gt;&gt;</a>&nbsp;&nbsp;&nbsp;lfs_fs_deorphan
<LI><a href="#[5db]">&gt;&gt;</a>&nbsp;&nbsp;&nbsp;lfs_file_flush
<LI><a href="#[5ea]">&gt;&gt;</a>&nbsp;&nbsp;&nbsp;lfs_dir_compact
<LI><a href="#[5d8]">&gt;&gt;</a>&nbsp;&nbsp;&nbsp;lfs_dir_commit
<LI><a href="#[42f]">&gt;&gt;</a>&nbsp;&nbsp;&nbsp;sent_heartbeat
</UL>

<P><STRONG><a name="[5ac]"></a>__aeabi_memmove</STRONG> (Thumb, 0 bytes, Stack size 8 bytes, memmovea.o(.text))
<BR><BR>[Stack]<UL><LI>Max Depth = 8<LI>Call Chain = __aeabi_memmove
</UL>
<BR>[Called By]<UL><LI><a href="#[5aa]">&gt;&gt;</a>&nbsp;&nbsp;&nbsp;fifo_copy_to
<LI><a href="#[5ab]">&gt;&gt;</a>&nbsp;&nbsp;&nbsp;fifo_copy_from
</UL>

<P><STRONG><a name="[663]"></a>__aeabi_memmove4</STRONG> (Thumb, 0 bytes, Stack size 8 bytes, memmovea.o(.text), UNUSED)

<P><STRONG><a name="[664]"></a>__aeabi_memmove8</STRONG> (Thumb, 0 bytes, Stack size 8 bytes, memmovea.o(.text), UNUSED)

<P><STRONG><a name="[316]"></a>__aeabi_memset</STRONG> (Thumb, 14 bytes, Stack size 0 bytes, memseta.o(.text))
<BR><BR>[Called By]<UL><LI><a href="#[5c6]">&gt;&gt;</a>&nbsp;&nbsp;&nbsp;lfs_cache_zero
<LI><a href="#[5a1]">&gt;&gt;</a>&nbsp;&nbsp;&nbsp;dmp_enable_lp_quat
<LI><a href="#[595]">&gt;&gt;</a>&nbsp;&nbsp;&nbsp;dmp_enable_6x_lp_quat
<LI><a href="#[317]">&gt;&gt;</a>&nbsp;&nbsp;&nbsp;_memset$wrapper
<LI><a href="#[315]">&gt;&gt;</a>&nbsp;&nbsp;&nbsp;__aeabi_memclr
</UL>

<P><STRONG><a name="[665]"></a>__aeabi_memset4</STRONG> (Thumb, 0 bytes, Stack size 0 bytes, memseta.o(.text), UNUSED)

<P><STRONG><a name="[666]"></a>__aeabi_memset8</STRONG> (Thumb, 0 bytes, Stack size 0 bytes, memseta.o(.text), UNUSED)

<P><STRONG><a name="[315]"></a>__aeabi_memclr</STRONG> (Thumb, 4 bytes, Stack size 0 bytes, memseta.o(.text))
<BR><BR>[Calls]<UL><LI><a href="#[316]">&gt;&gt;</a>&nbsp;&nbsp;&nbsp;__aeabi_memset
</UL>
<BR>[Called By]<UL><LI><a href="#[515]">&gt;&gt;</a>&nbsp;&nbsp;&nbsp;SidusProFile_Flash_Task
<LI><a href="#[3cf]">&gt;&gt;</a>&nbsp;&nbsp;&nbsp;CopCar_Process
<LI><a href="#[128]">&gt;&gt;</a>&nbsp;&nbsp;&nbsp;USART_RxTimeout_IrqCallback
<LI><a href="#[2]">&gt;&gt;</a>&nbsp;&nbsp;&nbsp;RS485_3_RxTimeout_IRQHandler
<LI><a href="#[429]">&gt;&gt;</a>&nbsp;&nbsp;&nbsp;user_plaintext_encryption
<LI><a href="#[42c]">&gt;&gt;</a>&nbsp;&nbsp;&nbsp;user_chiphertext_decryption
<LI><a href="#[4f9]">&gt;&gt;</a>&nbsp;&nbsp;&nbsp;Function_Encrypt
<LI><a href="#[601]">&gt;&gt;</a>&nbsp;&nbsp;&nbsp;lfs_dir_getslice
</UL>

<P><STRONG><a name="[343]"></a>__aeabi_memclr4</STRONG> (Thumb, 0 bytes, Stack size 0 bytes, memseta.o(.text))
<BR><BR>[Called By]<UL><LI><a href="#[3c9]">&gt;&gt;</a>&nbsp;&nbsp;&nbsp;Set_Drive_Cob_Pwm_Val
<LI><a href="#[458]">&gt;&gt;</a>&nbsp;&nbsp;&nbsp;Get_Adc_Second_Ave_Val
<LI><a href="#[515]">&gt;&gt;</a>&nbsp;&nbsp;&nbsp;SidusProFile_Flash_Task
<LI><a href="#[418]">&gt;&gt;</a>&nbsp;&nbsp;&nbsp;IAmHere_Process
<LI><a href="#[3c2]">&gt;&gt;</a>&nbsp;&nbsp;&nbsp;ClubLights_Process
<LI><a href="#[3b0]">&gt;&gt;</a>&nbsp;&nbsp;&nbsp;Fire_Pwm_Change
<LI><a href="#[383]">&gt;&gt;</a>&nbsp;&nbsp;&nbsp;rs485_ctrl_pin_init
<LI><a href="#[1]">&gt;&gt;</a>&nbsp;&nbsp;&nbsp;RS485_2_RxTimeout_IRQHandler
<LI><a href="#[429]">&gt;&gt;</a>&nbsp;&nbsp;&nbsp;user_plaintext_encryption
<LI><a href="#[42c]">&gt;&gt;</a>&nbsp;&nbsp;&nbsp;user_chiphertext_decryption
<LI><a href="#[4f0]">&gt;&gt;</a>&nbsp;&nbsp;&nbsp;SidusProFile_FileTransfer_Receive
<LI><a href="#[4e4]">&gt;&gt;</a>&nbsp;&nbsp;&nbsp;Rs485_Slave_AnalysisAndPackage
<LI><a href="#[60a]">&gt;&gt;</a>&nbsp;&nbsp;&nbsp;lfs_format
<LI><a href="#[606]">&gt;&gt;</a>&nbsp;&nbsp;&nbsp;lfs_file_opencfg
<LI><a href="#[5bd]">&gt;&gt;</a>&nbsp;&nbsp;&nbsp;lfs_alloc
<LI><a href="#[339]">&gt;&gt;</a>&nbsp;&nbsp;&nbsp;rgb_to_coordinate
<LI><a href="#[5a9]">&gt;&gt;</a>&nbsp;&nbsp;&nbsp;encode_fun
<LI><a href="#[58d]">&gt;&gt;</a>&nbsp;&nbsp;&nbsp;decode_fun
</UL>

<P><STRONG><a name="[667]"></a>__aeabi_memclr8</STRONG> (Thumb, 0 bytes, Stack size 0 bytes, memseta.o(.text), UNUSED)

<P><STRONG><a name="[317]"></a>_memset$wrapper</STRONG> (Thumb, 18 bytes, Stack size 8 bytes, memseta.o(.text), UNUSED)
<BR><BR>[Calls]<UL><LI><a href="#[316]">&gt;&gt;</a>&nbsp;&nbsp;&nbsp;__aeabi_memset
</UL>

<P><STRONG><a name="[514]"></a>strncpy</STRONG> (Thumb, 24 bytes, Stack size 8 bytes, strncpy.o(.text))
<BR><BR>[Stack]<UL><LI>Max Depth = 8<LI>Call Chain = strncpy
</UL>
<BR>[Called By]<UL><LI><a href="#[513]">&gt;&gt;</a>&nbsp;&nbsp;&nbsp;SidusProFile_CFX_PwmFile_FastCheck
</UL>

<P><STRONG><a name="[600]"></a>strchr</STRONG> (Thumb, 20 bytes, Stack size 0 bytes, strchr.o(.text))
<BR><BR>[Called By]<UL><LI><a href="#[5fc]">&gt;&gt;</a>&nbsp;&nbsp;&nbsp;lfs_dir_find
</UL>

<P><STRONG><a name="[33c]"></a>strlen</STRONG> (Thumb, 14 bytes, Stack size 0 bytes, strlen.o(.text))
<BR><BR>[Called By]<UL><LI><a href="#[33f]">&gt;&gt;</a>&nbsp;&nbsp;&nbsp;mixing_dev_init
<LI><a href="#[33b]">&gt;&gt;</a>&nbsp;&nbsp;&nbsp;led_cfg_init
<LI><a href="#[606]">&gt;&gt;</a>&nbsp;&nbsp;&nbsp;lfs_file_opencfg
</UL>

<P><STRONG><a name="[3e4]"></a>memcmp</STRONG> (Thumb, 26 bytes, Stack size 12 bytes, memcmp.o(.text))
<BR><BR>[Stack]<UL><LI>Max Depth = 12<LI>Call Chain = memcmp
</UL>
<BR>[Called By]<UL><LI><a href="#[515]">&gt;&gt;</a>&nbsp;&nbsp;&nbsp;SidusProFile_Flash_Task
<LI><a href="#[513]">&gt;&gt;</a>&nbsp;&nbsp;&nbsp;SidusProFile_CFX_PwmFile_FastCheck
<LI><a href="#[50b]">&gt;&gt;</a>&nbsp;&nbsp;&nbsp;SidusProFile_CFX_IntFileHead_Check
<LI><a href="#[50a]">&gt;&gt;</a>&nbsp;&nbsp;&nbsp;SidusProFile_CFX_Int2Pwm
<LI><a href="#[55e]">&gt;&gt;</a>&nbsp;&nbsp;&nbsp;Welding_Init
<LI><a href="#[537]">&gt;&gt;</a>&nbsp;&nbsp;&nbsp;TV_Init
<LI><a href="#[523]">&gt;&gt;</a>&nbsp;&nbsp;&nbsp;Strobe_Init
<LI><a href="#[4af]">&gt;&gt;</a>&nbsp;&nbsp;&nbsp;Pulsing_Init
<LI><a href="#[4a7]">&gt;&gt;</a>&nbsp;&nbsp;&nbsp;Paparazzi_Init
<LI><a href="#[481]">&gt;&gt;</a>&nbsp;&nbsp;&nbsp;Lightning_Init
<LI><a href="#[44f]">&gt;&gt;</a>&nbsp;&nbsp;&nbsp;Fire_Init
<LI><a href="#[44e]">&gt;&gt;</a>&nbsp;&nbsp;&nbsp;FaultBulb_Init
<LI><a href="#[436]">&gt;&gt;</a>&nbsp;&nbsp;&nbsp;Explosion_Init
<LI><a href="#[e4]">&gt;&gt;</a>&nbsp;&nbsp;&nbsp;DMXStrobe_Init
<LI><a href="#[39f]">&gt;&gt;</a>&nbsp;&nbsp;&nbsp;SidusProFX_Source2Pwm
<LI><a href="#[5fc]">&gt;&gt;</a>&nbsp;&nbsp;&nbsp;lfs_dir_find
<LI><a href="#[5a2]">&gt;&gt;</a>&nbsp;&nbsp;&nbsp;mpu_load_firmware
</UL>

<P><STRONG><a name="[4ea]"></a>strcpy</STRONG> (Thumb, 18 bytes, Stack size 0 bytes, strcpy.o(.text))
<BR><BR>[Called By]<UL><LI><a href="#[4fe]">&gt;&gt;</a>&nbsp;&nbsp;&nbsp;SidusProFile_Set_Name
<LI><a href="#[515]">&gt;&gt;</a>&nbsp;&nbsp;&nbsp;SidusProFile_Flash_Task
<LI><a href="#[513]">&gt;&gt;</a>&nbsp;&nbsp;&nbsp;SidusProFile_CFX_PwmFile_FastCheck
<LI><a href="#[4e9]">&gt;&gt;</a>&nbsp;&nbsp;&nbsp;SidusProFile_Get_Name
<LI><a href="#[4e4]">&gt;&gt;</a>&nbsp;&nbsp;&nbsp;Rs485_Slave_AnalysisAndPackage
</UL>

<P><STRONG><a name="[5fd]"></a>strspn</STRONG> (Thumb, 28 bytes, Stack size 12 bytes, strspn.o(.text))
<BR><BR>[Stack]<UL><LI>Max Depth = 12<LI>Call Chain = strspn
</UL>
<BR>[Called By]<UL><LI><a href="#[5fc]">&gt;&gt;</a>&nbsp;&nbsp;&nbsp;lfs_dir_find
</UL>

<P><STRONG><a name="[5fe]"></a>strcspn</STRONG> (Thumb, 34 bytes, Stack size 12 bytes, strcspn.o(.text))
<BR><BR>[Stack]<UL><LI>Max Depth = 12<LI>Call Chain = strcspn
</UL>
<BR>[Called By]<UL><LI><a href="#[5fc]">&gt;&gt;</a>&nbsp;&nbsp;&nbsp;lfs_dir_find
</UL>

<P><STRONG><a name="[318]"></a>__aeabi_dadd</STRONG> (Thumb, 322 bytes, Stack size 48 bytes, dadd.o(.text))
<BR><BR>[Stack]<UL><LI>Max Depth = 88<LI>Call Chain = __aeabi_dadd &rArr; _double_epilogue &rArr; _double_round
</UL>
<BR>[Calls]<UL><LI><a href="#[319]">&gt;&gt;</a>&nbsp;&nbsp;&nbsp;__aeabi_lasr
<LI><a href="#[314]">&gt;&gt;</a>&nbsp;&nbsp;&nbsp;__aeabi_llsl
<LI><a href="#[31b]">&gt;&gt;</a>&nbsp;&nbsp;&nbsp;_double_round
<LI><a href="#[31a]">&gt;&gt;</a>&nbsp;&nbsp;&nbsp;_double_epilogue
</UL>
<BR>[Called By]<UL><LI><a href="#[31d]">&gt;&gt;</a>&nbsp;&nbsp;&nbsp;__aeabi_drsub
<LI><a href="#[31c]">&gt;&gt;</a>&nbsp;&nbsp;&nbsp;__aeabi_dsub
<LI><a href="#[3d1]">&gt;&gt;</a>&nbsp;&nbsp;&nbsp;Curvilinear_Function
<LI><a href="#[56a]">&gt;&gt;</a>&nbsp;&nbsp;&nbsp;__kernel_poly
<LI><a href="#[56f]">&gt;&gt;</a>&nbsp;&nbsp;&nbsp;__mathlib_dbl_infnan2
<LI><a href="#[565]">&gt;&gt;</a>&nbsp;&nbsp;&nbsp;__mathlib_dbl_infnan
<LI><a href="#[56d]">&gt;&gt;</a>&nbsp;&nbsp;&nbsp;__hardfp_atan
<LI><a href="#[57e]">&gt;&gt;</a>&nbsp;&nbsp;&nbsp;_fp_digits
<LI><a href="#[337]">&gt;&gt;</a>&nbsp;&nbsp;&nbsp;__hardfp_pow
<LI><a href="#[564]">&gt;&gt;</a>&nbsp;&nbsp;&nbsp;__hardfp_asin
<LI><a href="#[32b]">&gt;&gt;</a>&nbsp;&nbsp;&nbsp;get_curve_lux
</UL>

<P><STRONG><a name="[31c]"></a>__aeabi_dsub</STRONG> (Thumb, 6 bytes, Stack size 0 bytes, dadd.o(.text))
<BR><BR>[Stack]<UL><LI>Max Depth = 88<LI>Call Chain = __aeabi_dsub &rArr; __aeabi_dadd &rArr; _double_epilogue &rArr; _double_round
</UL>
<BR>[Calls]<UL><LI><a href="#[318]">&gt;&gt;</a>&nbsp;&nbsp;&nbsp;__aeabi_dadd
</UL>
<BR>[Called By]<UL><LI><a href="#[3d1]">&gt;&gt;</a>&nbsp;&nbsp;&nbsp;Curvilinear_Function
<LI><a href="#[56d]">&gt;&gt;</a>&nbsp;&nbsp;&nbsp;__hardfp_atan
<LI><a href="#[337]">&gt;&gt;</a>&nbsp;&nbsp;&nbsp;__hardfp_pow
<LI><a href="#[56e]">&gt;&gt;</a>&nbsp;&nbsp;&nbsp;__hardfp_atan2
<LI><a href="#[564]">&gt;&gt;</a>&nbsp;&nbsp;&nbsp;__hardfp_asin
<LI><a href="#[32d]">&gt;&gt;</a>&nbsp;&nbsp;&nbsp;cct_to_xy
</UL>

<P><STRONG><a name="[31d]"></a>__aeabi_drsub</STRONG> (Thumb, 6 bytes, Stack size 0 bytes, dadd.o(.text))
<BR><BR>[Stack]<UL><LI>Max Depth = 88<LI>Call Chain = __aeabi_drsub &rArr; __aeabi_dadd &rArr; _double_epilogue &rArr; _double_round
</UL>
<BR>[Calls]<UL><LI><a href="#[318]">&gt;&gt;</a>&nbsp;&nbsp;&nbsp;__aeabi_dadd
</UL>
<BR>[Called By]<UL><LI><a href="#[56d]">&gt;&gt;</a>&nbsp;&nbsp;&nbsp;__hardfp_atan
<LI><a href="#[337]">&gt;&gt;</a>&nbsp;&nbsp;&nbsp;__hardfp_pow
<LI><a href="#[56e]">&gt;&gt;</a>&nbsp;&nbsp;&nbsp;__hardfp_atan2
<LI><a href="#[564]">&gt;&gt;</a>&nbsp;&nbsp;&nbsp;__hardfp_asin
</UL>

<P><STRONG><a name="[31e]"></a>__aeabi_dmul</STRONG> (Thumb, 228 bytes, Stack size 48 bytes, dmul.o(.text))
<BR><BR>[Stack]<UL><LI>Max Depth = 88<LI>Call Chain = __aeabi_dmul &rArr; _double_epilogue &rArr; _double_round
</UL>
<BR>[Calls]<UL><LI><a href="#[31a]">&gt;&gt;</a>&nbsp;&nbsp;&nbsp;_double_epilogue
</UL>
<BR>[Called By]<UL><LI><a href="#[12d]">&gt;&gt;</a>&nbsp;&nbsp;&nbsp;lsm6dsv16x_fifo_irq_handler
<LI><a href="#[3e7]">&gt;&gt;</a>&nbsp;&nbsp;&nbsp;Effect_Source2PulseWight
<LI><a href="#[3e6]">&gt;&gt;</a>&nbsp;&nbsp;&nbsp;Effect_Coord2PulseWight
<LI><a href="#[3d1]">&gt;&gt;</a>&nbsp;&nbsp;&nbsp;Curvilinear_Function
<LI><a href="#[545]">&gt;&gt;</a>&nbsp;&nbsp;&nbsp;mpu_dmp_get_data
<LI><a href="#[56a]">&gt;&gt;</a>&nbsp;&nbsp;&nbsp;__kernel_poly
<LI><a href="#[569]">&gt;&gt;</a>&nbsp;&nbsp;&nbsp;__mathlib_dbl_underflow
<LI><a href="#[573]">&gt;&gt;</a>&nbsp;&nbsp;&nbsp;__mathlib_dbl_overflow
<LI><a href="#[56d]">&gt;&gt;</a>&nbsp;&nbsp;&nbsp;__hardfp_atan
<LI><a href="#[57e]">&gt;&gt;</a>&nbsp;&nbsp;&nbsp;_fp_digits
<LI><a href="#[337]">&gt;&gt;</a>&nbsp;&nbsp;&nbsp;__hardfp_pow
<LI><a href="#[564]">&gt;&gt;</a>&nbsp;&nbsp;&nbsp;__hardfp_asin
<LI><a href="#[336]">&gt;&gt;</a>&nbsp;&nbsp;&nbsp;gel_to_xy
<LI><a href="#[32d]">&gt;&gt;</a>&nbsp;&nbsp;&nbsp;cct_to_xy
<LI><a href="#[32b]">&gt;&gt;</a>&nbsp;&nbsp;&nbsp;get_curve_lux
</UL>

<P><STRONG><a name="[31f]"></a>__aeabi_ddiv</STRONG> (Thumb, 222 bytes, Stack size 32 bytes, ddiv.o(.text))
<BR><BR>[Stack]<UL><LI>Max Depth = 40<LI>Call Chain = __aeabi_ddiv &rArr; _double_round
</UL>
<BR>[Calls]<UL><LI><a href="#[31b]">&gt;&gt;</a>&nbsp;&nbsp;&nbsp;_double_round
</UL>
<BR>[Called By]<UL><LI><a href="#[53b]">&gt;&gt;</a>&nbsp;&nbsp;&nbsp;get_adc_para_val
<LI><a href="#[3ab]">&gt;&gt;</a>&nbsp;&nbsp;&nbsp;CalcUartBaudrate
<LI><a href="#[3aa]">&gt;&gt;</a>&nbsp;&nbsp;&nbsp;CalcSmartcardBaudrate
<LI><a href="#[3a9]">&gt;&gt;</a>&nbsp;&nbsp;&nbsp;CalcClkSyncBaudrate
<LI><a href="#[567]">&gt;&gt;</a>&nbsp;&nbsp;&nbsp;__mathlib_dbl_invalid
<LI><a href="#[572]">&gt;&gt;</a>&nbsp;&nbsp;&nbsp;__mathlib_dbl_divzero
<LI><a href="#[56d]">&gt;&gt;</a>&nbsp;&nbsp;&nbsp;__hardfp_atan
<LI><a href="#[57e]">&gt;&gt;</a>&nbsp;&nbsp;&nbsp;_fp_digits
<LI><a href="#[337]">&gt;&gt;</a>&nbsp;&nbsp;&nbsp;__hardfp_pow
<LI><a href="#[56e]">&gt;&gt;</a>&nbsp;&nbsp;&nbsp;__hardfp_atan2
<LI><a href="#[564]">&gt;&gt;</a>&nbsp;&nbsp;&nbsp;__hardfp_asin
<LI><a href="#[32d]">&gt;&gt;</a>&nbsp;&nbsp;&nbsp;cct_to_xy
</UL>

<P><STRONG><a name="[320]"></a>__aeabi_i2d</STRONG> (Thumb, 34 bytes, Stack size 16 bytes, dflti.o(.text))
<BR><BR>[Stack]<UL><LI>Max Depth = 56<LI>Call Chain = __aeabi_i2d &rArr; _double_epilogue &rArr; _double_round
</UL>
<BR>[Calls]<UL><LI><a href="#[31a]">&gt;&gt;</a>&nbsp;&nbsp;&nbsp;_double_epilogue
</UL>
<BR>[Called By]<UL><LI><a href="#[3a3]">&gt;&gt;</a>&nbsp;&nbsp;&nbsp;CFX_Speed2Preiod
<LI><a href="#[337]">&gt;&gt;</a>&nbsp;&nbsp;&nbsp;__hardfp_pow
</UL>

<P><STRONG><a name="[321]"></a>__aeabi_ui2d</STRONG> (Thumb, 26 bytes, Stack size 16 bytes, dfltui.o(.text))
<BR><BR>[Stack]<UL><LI>Max Depth = 56<LI>Call Chain = __aeabi_ui2d &rArr; _double_epilogue &rArr; _double_round
</UL>
<BR>[Calls]<UL><LI><a href="#[31a]">&gt;&gt;</a>&nbsp;&nbsp;&nbsp;_double_epilogue
</UL>
<BR>[Called By]<UL><LI><a href="#[3ab]">&gt;&gt;</a>&nbsp;&nbsp;&nbsp;CalcUartBaudrate
<LI><a href="#[3aa]">&gt;&gt;</a>&nbsp;&nbsp;&nbsp;CalcSmartcardBaudrate
<LI><a href="#[3a9]">&gt;&gt;</a>&nbsp;&nbsp;&nbsp;CalcClkSyncBaudrate
<LI><a href="#[3e7]">&gt;&gt;</a>&nbsp;&nbsp;&nbsp;Effect_Source2PulseWight
<LI><a href="#[3e6]">&gt;&gt;</a>&nbsp;&nbsp;&nbsp;Effect_Coord2PulseWight
<LI><a href="#[3d1]">&gt;&gt;</a>&nbsp;&nbsp;&nbsp;Curvilinear_Function
<LI><a href="#[336]">&gt;&gt;</a>&nbsp;&nbsp;&nbsp;gel_to_xy
</UL>

<P><STRONG><a name="[322]"></a>__aeabi_ul2d</STRONG> (Thumb, 24 bytes, Stack size 16 bytes, dfltul.o(.text))
<BR><BR>[Stack]<UL><LI>Max Depth = 56<LI>Call Chain = __aeabi_ul2d &rArr; _double_epilogue &rArr; _double_round
</UL>
<BR>[Calls]<UL><LI><a href="#[31a]">&gt;&gt;</a>&nbsp;&nbsp;&nbsp;_double_epilogue
</UL>
<BR>[Called By]<UL><LI><a href="#[3ab]">&gt;&gt;</a>&nbsp;&nbsp;&nbsp;CalcUartBaudrate
<LI><a href="#[3aa]">&gt;&gt;</a>&nbsp;&nbsp;&nbsp;CalcSmartcardBaudrate
<LI><a href="#[3a9]">&gt;&gt;</a>&nbsp;&nbsp;&nbsp;CalcClkSyncBaudrate
</UL>

<P><STRONG><a name="[323]"></a>__aeabi_d2iz</STRONG> (Thumb, 62 bytes, Stack size 16 bytes, dfixi.o(.text))
<BR><BR>[Stack]<UL><LI>Max Depth = 16<LI>Call Chain = __aeabi_d2iz
</UL>
<BR>[Calls]<UL><LI><a href="#[313]">&gt;&gt;</a>&nbsp;&nbsp;&nbsp;__aeabi_llsr
</UL>
<BR>[Called By]<UL><LI><a href="#[12d]">&gt;&gt;</a>&nbsp;&nbsp;&nbsp;lsm6dsv16x_fifo_irq_handler
</UL>

<P><STRONG><a name="[324]"></a>__aeabi_d2uiz</STRONG> (Thumb, 50 bytes, Stack size 8 bytes, dfixui.o(.text))
<BR><BR>[Stack]<UL><LI>Max Depth = 8<LI>Call Chain = __aeabi_d2uiz
</UL>
<BR>[Calls]<UL><LI><a href="#[313]">&gt;&gt;</a>&nbsp;&nbsp;&nbsp;__aeabi_llsr
</UL>
<BR>[Called By]<UL><LI><a href="#[3d1]">&gt;&gt;</a>&nbsp;&nbsp;&nbsp;Curvilinear_Function
<LI><a href="#[3a3]">&gt;&gt;</a>&nbsp;&nbsp;&nbsp;CFX_Speed2Preiod
</UL>

<P><STRONG><a name="[330]"></a>__aeabi_f2d</STRONG> (Thumb, 38 bytes, Stack size 0 bytes, f2d.o(.text))
<BR><BR>[Called By]<UL><LI><a href="#[53b]">&gt;&gt;</a>&nbsp;&nbsp;&nbsp;get_adc_para_val
<LI><a href="#[12d]">&gt;&gt;</a>&nbsp;&nbsp;&nbsp;lsm6dsv16x_fifo_irq_handler
<LI><a href="#[3d1]">&gt;&gt;</a>&nbsp;&nbsp;&nbsp;Curvilinear_Function
<LI><a href="#[545]">&gt;&gt;</a>&nbsp;&nbsp;&nbsp;mpu_dmp_get_data
<LI><a href="#[32d]">&gt;&gt;</a>&nbsp;&nbsp;&nbsp;cct_to_xy
<LI><a href="#[32b]">&gt;&gt;</a>&nbsp;&nbsp;&nbsp;get_curve_lux
</UL>

<P><STRONG><a name="[325]"></a>__aeabi_d2f</STRONG> (Thumb, 56 bytes, Stack size 8 bytes, d2f.o(.text))
<BR><BR>[Stack]<UL><LI>Max Depth = 8<LI>Call Chain = __aeabi_d2f
</UL>
<BR>[Calls]<UL><LI><a href="#[326]">&gt;&gt;</a>&nbsp;&nbsp;&nbsp;_float_round
</UL>
<BR>[Called By]<UL><LI><a href="#[53b]">&gt;&gt;</a>&nbsp;&nbsp;&nbsp;get_adc_para_val
<LI><a href="#[3ab]">&gt;&gt;</a>&nbsp;&nbsp;&nbsp;CalcUartBaudrate
<LI><a href="#[3aa]">&gt;&gt;</a>&nbsp;&nbsp;&nbsp;CalcSmartcardBaudrate
<LI><a href="#[3a9]">&gt;&gt;</a>&nbsp;&nbsp;&nbsp;CalcClkSyncBaudrate
<LI><a href="#[3e7]">&gt;&gt;</a>&nbsp;&nbsp;&nbsp;Effect_Source2PulseWight
<LI><a href="#[3e6]">&gt;&gt;</a>&nbsp;&nbsp;&nbsp;Effect_Coord2PulseWight
<LI><a href="#[545]">&gt;&gt;</a>&nbsp;&nbsp;&nbsp;mpu_dmp_get_data
<LI><a href="#[336]">&gt;&gt;</a>&nbsp;&nbsp;&nbsp;gel_to_xy
<LI><a href="#[32d]">&gt;&gt;</a>&nbsp;&nbsp;&nbsp;cct_to_xy
<LI><a href="#[32b]">&gt;&gt;</a>&nbsp;&nbsp;&nbsp;get_curve_lux
</UL>

<P><STRONG><a name="[668]"></a>__aeabi_uidiv</STRONG> (Thumb, 0 bytes, Stack size 12 bytes, uidiv.o(.text), UNUSED)

<P><STRONG><a name="[581]"></a>__aeabi_uidivmod</STRONG> (Thumb, 44 bytes, Stack size 12 bytes, uidiv.o(.text), UNUSED)
<BR><BR>[Called By]<UL><LI><a href="#[563]">&gt;&gt;</a>&nbsp;&nbsp;&nbsp;_printf_core
</UL>

<P><STRONG><a name="[314]"></a>__aeabi_llsl</STRONG> (Thumb, 30 bytes, Stack size 0 bytes, llshl.o(.text))
<BR><BR>[Called By]<UL><LI><a href="#[318]">&gt;&gt;</a>&nbsp;&nbsp;&nbsp;__aeabi_dadd
<LI><a href="#[31a]">&gt;&gt;</a>&nbsp;&nbsp;&nbsp;_double_epilogue
<LI><a href="#[328]">&gt;&gt;</a>&nbsp;&nbsp;&nbsp;__aeabi_d2ulz
<LI><a href="#[312]">&gt;&gt;</a>&nbsp;&nbsp;&nbsp;__aeabi_uldivmod
</UL>

<P><STRONG><a name="[669]"></a>_ll_shift_l</STRONG> (Thumb, 0 bytes, Stack size 0 bytes, llshl.o(.text), UNUSED)

<P><STRONG><a name="[313]"></a>__aeabi_llsr</STRONG> (Thumb, 32 bytes, Stack size 0 bytes, llushr.o(.text))
<BR><BR>[Called By]<UL><LI><a href="#[324]">&gt;&gt;</a>&nbsp;&nbsp;&nbsp;__aeabi_d2uiz
<LI><a href="#[323]">&gt;&gt;</a>&nbsp;&nbsp;&nbsp;__aeabi_d2iz
<LI><a href="#[31a]">&gt;&gt;</a>&nbsp;&nbsp;&nbsp;_double_epilogue
<LI><a href="#[328]">&gt;&gt;</a>&nbsp;&nbsp;&nbsp;__aeabi_d2ulz
<LI><a href="#[312]">&gt;&gt;</a>&nbsp;&nbsp;&nbsp;__aeabi_uldivmod
<LI><a href="#[327]">&gt;&gt;</a>&nbsp;&nbsp;&nbsp;_dsqrt
</UL>

<P><STRONG><a name="[66a]"></a>_ll_ushift_r</STRONG> (Thumb, 0 bytes, Stack size 0 bytes, llushr.o(.text), UNUSED)

<P><STRONG><a name="[319]"></a>__aeabi_lasr</STRONG> (Thumb, 36 bytes, Stack size 0 bytes, llsshr.o(.text))
<BR><BR>[Called By]<UL><LI><a href="#[318]">&gt;&gt;</a>&nbsp;&nbsp;&nbsp;__aeabi_dadd
</UL>

<P><STRONG><a name="[66b]"></a>_ll_sshift_r</STRONG> (Thumb, 0 bytes, Stack size 0 bytes, llsshr.o(.text), UNUSED)

<P><STRONG><a name="[66c]"></a>__I$use$fp</STRONG> (Thumb, 0 bytes, Stack size 0 bytes, iusefp.o(.text), UNUSED)

<P><STRONG><a name="[326]"></a>_float_round</STRONG> (Thumb, 18 bytes, Stack size 0 bytes, fepilogue.o(.text))
<BR><BR>[Called By]<UL><LI><a href="#[325]">&gt;&gt;</a>&nbsp;&nbsp;&nbsp;__aeabi_d2f
</UL>

<P><STRONG><a name="[66d]"></a>_float_epilogue</STRONG> (Thumb, 92 bytes, Stack size 4 bytes, fepilogue.o(.text), UNUSED)

<P><STRONG><a name="[31b]"></a>_double_round</STRONG> (Thumb, 30 bytes, Stack size 8 bytes, depilogue.o(.text))
<BR><BR>[Stack]<UL><LI>Max Depth = 8<LI>Call Chain = _double_round
</UL>
<BR>[Called By]<UL><LI><a href="#[31f]">&gt;&gt;</a>&nbsp;&nbsp;&nbsp;__aeabi_ddiv
<LI><a href="#[318]">&gt;&gt;</a>&nbsp;&nbsp;&nbsp;__aeabi_dadd
<LI><a href="#[31a]">&gt;&gt;</a>&nbsp;&nbsp;&nbsp;_double_epilogue
<LI><a href="#[327]">&gt;&gt;</a>&nbsp;&nbsp;&nbsp;_dsqrt
</UL>

<P><STRONG><a name="[31a]"></a>_double_epilogue</STRONG> (Thumb, 156 bytes, Stack size 32 bytes, depilogue.o(.text))
<BR><BR>[Stack]<UL><LI>Max Depth = 40<LI>Call Chain = _double_epilogue &rArr; _double_round
</UL>
<BR>[Calls]<UL><LI><a href="#[313]">&gt;&gt;</a>&nbsp;&nbsp;&nbsp;__aeabi_llsr
<LI><a href="#[314]">&gt;&gt;</a>&nbsp;&nbsp;&nbsp;__aeabi_llsl
<LI><a href="#[31b]">&gt;&gt;</a>&nbsp;&nbsp;&nbsp;_double_round
</UL>
<BR>[Called By]<UL><LI><a href="#[322]">&gt;&gt;</a>&nbsp;&nbsp;&nbsp;__aeabi_ul2d
<LI><a href="#[321]">&gt;&gt;</a>&nbsp;&nbsp;&nbsp;__aeabi_ui2d
<LI><a href="#[31e]">&gt;&gt;</a>&nbsp;&nbsp;&nbsp;__aeabi_dmul
<LI><a href="#[320]">&gt;&gt;</a>&nbsp;&nbsp;&nbsp;__aeabi_i2d
<LI><a href="#[318]">&gt;&gt;</a>&nbsp;&nbsp;&nbsp;__aeabi_dadd
</UL>

<P><STRONG><a name="[575]"></a>__ARM_scalbn</STRONG> (Thumb, 46 bytes, Stack size 16 bytes, dscalb.o(.text))
<BR><BR>[Stack]<UL><LI>Max Depth = 16<LI>Call Chain = __ARM_scalbn
</UL>
<BR>[Called By]<UL><LI><a href="#[337]">&gt;&gt;</a>&nbsp;&nbsp;&nbsp;__hardfp_pow
</UL>

<P><STRONG><a name="[66e]"></a>scalbn</STRONG> (Thumb, 0 bytes, Stack size 16 bytes, dscalb.o(.text), UNUSED)

<P><STRONG><a name="[327]"></a>_dsqrt</STRONG> (Thumb, 162 bytes, Stack size 32 bytes, dsqrt.o(.text))
<BR><BR>[Stack]<UL><LI>Max Depth = 40<LI>Call Chain = _dsqrt &rArr; _double_round
</UL>
<BR>[Calls]<UL><LI><a href="#[313]">&gt;&gt;</a>&nbsp;&nbsp;&nbsp;__aeabi_llsr
<LI><a href="#[31b]">&gt;&gt;</a>&nbsp;&nbsp;&nbsp;_double_round
</UL>
<BR>[Called By]<UL><LI><a href="#[56c]">&gt;&gt;</a>&nbsp;&nbsp;&nbsp;sqrt
<LI><a href="#[331]">&gt;&gt;</a>&nbsp;&nbsp;&nbsp;__hardfp_sqrt
</UL>

<P><STRONG><a name="[328]"></a>__aeabi_d2ulz</STRONG> (Thumb, 48 bytes, Stack size 0 bytes, dfixul.o(.text), UNUSED)
<BR><BR>[Calls]<UL><LI><a href="#[313]">&gt;&gt;</a>&nbsp;&nbsp;&nbsp;__aeabi_llsr
<LI><a href="#[314]">&gt;&gt;</a>&nbsp;&nbsp;&nbsp;__aeabi_llsl
</UL>
<BR>[Called By]<UL><LI><a href="#[57e]">&gt;&gt;</a>&nbsp;&nbsp;&nbsp;_fp_digits
</UL>

<P><STRONG><a name="[571]"></a>__aeabi_cdcmpeq</STRONG> (Thumb, 0 bytes, Stack size 0 bytes, cdcmple.o(.text))
<BR><BR>[Called By]<UL><LI><a href="#[56e]">&gt;&gt;</a>&nbsp;&nbsp;&nbsp;__hardfp_atan2
</UL>

<P><STRONG><a name="[66f]"></a>__aeabi_cdcmple</STRONG> (Thumb, 48 bytes, Stack size 0 bytes, cdcmple.o(.text), UNUSED)

<P><STRONG><a name="[574]"></a>__aeabi_cdrcmple</STRONG> (Thumb, 48 bytes, Stack size 0 bytes, cdrcmple.o(.text))
<BR><BR>[Called By]<UL><LI><a href="#[57e]">&gt;&gt;</a>&nbsp;&nbsp;&nbsp;_fp_digits
<LI><a href="#[337]">&gt;&gt;</a>&nbsp;&nbsp;&nbsp;__hardfp_pow
</UL>

<P><STRONG><a name="[670]"></a>__fp_status</STRONG> (Thumb, 4 bytes, Stack size 0 bytes, fpstat.o(.text), UNUSED)

<P><STRONG><a name="[576]"></a>__ieee_status</STRONG> (Thumb, 0 bytes, Stack size 0 bytes, fpstat.o(.text))
<BR><BR>[Called By]<UL><LI><a href="#[344]">&gt;&gt;</a>&nbsp;&nbsp;&nbsp;__hardfp_powf
</UL>

<P><STRONG><a name="[311]"></a>__scatterload</STRONG> (Thumb, 28 bytes, Stack size 0 bytes, init.o(.text))
<BR><BR>[Calls]<UL><LI><a href="#[329]">&gt;&gt;</a>&nbsp;&nbsp;&nbsp;__main_after_scatterload
</UL>
<BR>[Called By]<UL><LI><a href="#[310]">&gt;&gt;</a>&nbsp;&nbsp;&nbsp;_main_scatterload
</UL>

<P><STRONG><a name="[671]"></a>__scatterload_rt2</STRONG> (Thumb, 0 bytes, Stack size 0 bytes, init.o(.text), UNUSED)

<P><STRONG><a name="[672]"></a>__decompress</STRONG> (Thumb, 0 bytes, Stack size unknown bytes, __dczerorl2.o(.text), UNUSED)

<P><STRONG><a name="[673]"></a>__decompress1</STRONG> (Thumb, 86 bytes, Stack size unknown bytes, __dczerorl2.o(.text), UNUSED)

<P><STRONG><a name="[32a]"></a>cct_to_lux</STRONG> (Thumb, 210 bytes, Stack size 24 bytes, color_mixing.o(.text.cct_to_lux))
<BR><BR>[Stack]<UL><LI>Max Depth = 520<LI>Call Chain = cct_to_lux &rArr; five_led_three_color_coordinate_to_lux &rArr; get_curve_lux &rArr; __hardfp_pow &rArr; __kernel_poly &rArr; __aeabi_dmul &rArr; _double_epilogue &rArr; _double_round
</UL>
<BR>[Calls]<UL><LI><a href="#[32c]">&gt;&gt;</a>&nbsp;&nbsp;&nbsp;two_color_cct_to_lux
<LI><a href="#[32d]">&gt;&gt;</a>&nbsp;&nbsp;&nbsp;cct_to_xy
<LI><a href="#[32f]">&gt;&gt;</a>&nbsp;&nbsp;&nbsp;three_led_three_color_coordinate_to_lux
<LI><a href="#[32b]">&gt;&gt;</a>&nbsp;&nbsp;&nbsp;get_curve_lux
<LI><a href="#[32e]">&gt;&gt;</a>&nbsp;&nbsp;&nbsp;five_led_three_color_coordinate_to_lux
</UL>
<BR>[Called By]<UL><LI><a href="#[406]">&gt;&gt;</a>&nbsp;&nbsp;&nbsp;color_cct_calc
</UL>

<P><STRONG><a name="[32d]"></a>cct_to_xy</STRONG> (Thumb, 624 bytes, Stack size 96 bytes, color_mixing.o(.text.cct_to_xy))
<BR><BR>[Stack]<UL><LI>Max Depth = 184<LI>Call Chain = cct_to_xy &rArr; __aeabi_dmul &rArr; _double_epilogue &rArr; _double_round
</UL>
<BR>[Calls]<UL><LI><a href="#[330]">&gt;&gt;</a>&nbsp;&nbsp;&nbsp;__aeabi_f2d
<LI><a href="#[31f]">&gt;&gt;</a>&nbsp;&nbsp;&nbsp;__aeabi_ddiv
<LI><a href="#[325]">&gt;&gt;</a>&nbsp;&nbsp;&nbsp;__aeabi_d2f
<LI><a href="#[31e]">&gt;&gt;</a>&nbsp;&nbsp;&nbsp;__aeabi_dmul
<LI><a href="#[31c]">&gt;&gt;</a>&nbsp;&nbsp;&nbsp;__aeabi_dsub
<LI><a href="#[331]">&gt;&gt;</a>&nbsp;&nbsp;&nbsp;__hardfp_sqrt
</UL>
<BR>[Called By]<UL><LI><a href="#[342]">&gt;&gt;</a>&nbsp;&nbsp;&nbsp;mixing_to_lux
<LI><a href="#[32a]">&gt;&gt;</a>&nbsp;&nbsp;&nbsp;cct_to_lux
<LI><a href="#[338]">&gt;&gt;</a>&nbsp;&nbsp;&nbsp;hsi_to_coordinate
</UL>

<P><STRONG><a name="[345]"></a>color_space_conversion_rgb2xyz</STRONG> (Thumb, 456 bytes, Stack size 56 bytes, color_mixing.o(.text.color_space_conversion_rgb2xyz))
<BR><BR>[Stack]<UL><LI>Max Depth = 56<LI>Call Chain = color_space_conversion_rgb2xyz
</UL>
<BR>[Called By]<UL><LI><a href="#[339]">&gt;&gt;</a>&nbsp;&nbsp;&nbsp;rgb_to_coordinate
</UL>

<P><STRONG><a name="[332]"></a>coordinate_to_lux</STRONG> (Thumb, 66 bytes, Stack size 8 bytes, color_mixing.o(.text.coordinate_to_lux))
<BR><BR>[Stack]<UL><LI>Max Depth = 504<LI>Call Chain = coordinate_to_lux &rArr; five_led_three_color_coordinate_to_lux &rArr; get_curve_lux &rArr; __hardfp_pow &rArr; __kernel_poly &rArr; __aeabi_dmul &rArr; _double_epilogue &rArr; _double_round
</UL>
<BR>[Calls]<UL><LI><a href="#[32f]">&gt;&gt;</a>&nbsp;&nbsp;&nbsp;three_led_three_color_coordinate_to_lux
<LI><a href="#[32e]">&gt;&gt;</a>&nbsp;&nbsp;&nbsp;five_led_three_color_coordinate_to_lux
</UL>
<BR>[Called By]<UL><LI><a href="#[40c]">&gt;&gt;</a>&nbsp;&nbsp;&nbsp;color_coordinate_calc
</UL>

<P><STRONG><a name="[32e]"></a>five_led_three_color_coordinate_to_lux</STRONG> (Thumb, 2994 bytes, Stack size 128 bytes, color_mixing.o(.text.five_led_three_color_coordinate_to_lux))
<BR><BR>[Stack]<UL><LI>Max Depth = 496<LI>Call Chain = five_led_three_color_coordinate_to_lux &rArr; get_curve_lux &rArr; __hardfp_pow &rArr; __kernel_poly &rArr; __aeabi_dmul &rArr; _double_epilogue &rArr; _double_round
</UL>
<BR>[Calls]<UL><LI><a href="#[32b]">&gt;&gt;</a>&nbsp;&nbsp;&nbsp;get_curve_lux
<LI><a href="#[334]">&gt;&gt;</a>&nbsp;&nbsp;&nbsp;search_led_arg
<LI><a href="#[333]">&gt;&gt;</a>&nbsp;&nbsp;&nbsp;get_max_lux
</UL>
<BR>[Called By]<UL><LI><a href="#[348]">&gt;&gt;</a>&nbsp;&nbsp;&nbsp;source_to_lux
<LI><a href="#[346]">&gt;&gt;</a>&nbsp;&nbsp;&nbsp;rgb_to_lux
<LI><a href="#[342]">&gt;&gt;</a>&nbsp;&nbsp;&nbsp;mixing_to_lux
<LI><a href="#[33a]">&gt;&gt;</a>&nbsp;&nbsp;&nbsp;hsi_to_lux
<LI><a href="#[335]">&gt;&gt;</a>&nbsp;&nbsp;&nbsp;gel_to_lux
<LI><a href="#[332]">&gt;&gt;</a>&nbsp;&nbsp;&nbsp;coordinate_to_lux
<LI><a href="#[32a]">&gt;&gt;</a>&nbsp;&nbsp;&nbsp;cct_to_lux
</UL>

<P><STRONG><a name="[335]"></a>gel_to_lux</STRONG> (Thumb, 114 bytes, Stack size 40 bytes, color_mixing.o(.text.gel_to_lux))
<BR><BR>[Stack]<UL><LI>Max Depth = 536<LI>Call Chain = gel_to_lux &rArr; five_led_three_color_coordinate_to_lux &rArr; get_curve_lux &rArr; __hardfp_pow &rArr; __kernel_poly &rArr; __aeabi_dmul &rArr; _double_epilogue &rArr; _double_round
</UL>
<BR>[Calls]<UL><LI><a href="#[336]">&gt;&gt;</a>&nbsp;&nbsp;&nbsp;gel_to_xy
<LI><a href="#[32f]">&gt;&gt;</a>&nbsp;&nbsp;&nbsp;three_led_three_color_coordinate_to_lux
<LI><a href="#[32e]">&gt;&gt;</a>&nbsp;&nbsp;&nbsp;five_led_three_color_coordinate_to_lux
</UL>
<BR>[Called By]<UL><LI><a href="#[414]">&gt;&gt;</a>&nbsp;&nbsp;&nbsp;color_gel_calc
</UL>

<P><STRONG><a name="[336]"></a>gel_to_xy</STRONG> (Thumb, 192 bytes, Stack size 16 bytes, color_mixing.o(.text.gel_to_xy))
<BR><BR>[Stack]<UL><LI>Max Depth = 104<LI>Call Chain = gel_to_xy &rArr; __aeabi_dmul &rArr; _double_epilogue &rArr; _double_round
</UL>
<BR>[Calls]<UL><LI><a href="#[325]">&gt;&gt;</a>&nbsp;&nbsp;&nbsp;__aeabi_d2f
<LI><a href="#[321]">&gt;&gt;</a>&nbsp;&nbsp;&nbsp;__aeabi_ui2d
<LI><a href="#[31e]">&gt;&gt;</a>&nbsp;&nbsp;&nbsp;__aeabi_dmul
</UL>
<BR>[Called By]<UL><LI><a href="#[335]">&gt;&gt;</a>&nbsp;&nbsp;&nbsp;gel_to_lux
</UL>

<P><STRONG><a name="[32b]"></a>get_curve_lux</STRONG> (Thumb, 3416 bytes, Stack size 64 bytes, dim_curve.o(.text.get_curve_lux))
<BR><BR>[Stack]<UL><LI>Max Depth = 368<LI>Call Chain = get_curve_lux &rArr; __hardfp_pow &rArr; __kernel_poly &rArr; __aeabi_dmul &rArr; _double_epilogue &rArr; _double_round
</UL>
<BR>[Calls]<UL><LI><a href="#[330]">&gt;&gt;</a>&nbsp;&nbsp;&nbsp;__aeabi_f2d
<LI><a href="#[325]">&gt;&gt;</a>&nbsp;&nbsp;&nbsp;__aeabi_d2f
<LI><a href="#[31e]">&gt;&gt;</a>&nbsp;&nbsp;&nbsp;__aeabi_dmul
<LI><a href="#[318]">&gt;&gt;</a>&nbsp;&nbsp;&nbsp;__aeabi_dadd
<LI><a href="#[337]">&gt;&gt;</a>&nbsp;&nbsp;&nbsp;__hardfp_pow
</UL>
<BR>[Called By]<UL><LI><a href="#[347]">&gt;&gt;</a>&nbsp;&nbsp;&nbsp;rgbww_to_lux
<LI><a href="#[32a]">&gt;&gt;</a>&nbsp;&nbsp;&nbsp;cct_to_lux
<LI><a href="#[32c]">&gt;&gt;</a>&nbsp;&nbsp;&nbsp;two_color_cct_to_lux
<LI><a href="#[32f]">&gt;&gt;</a>&nbsp;&nbsp;&nbsp;three_led_three_color_coordinate_to_lux
<LI><a href="#[32e]">&gt;&gt;</a>&nbsp;&nbsp;&nbsp;five_led_three_color_coordinate_to_lux
<LI><a href="#[339]">&gt;&gt;</a>&nbsp;&nbsp;&nbsp;rgb_to_coordinate
</UL>

<P><STRONG><a name="[338]"></a>hsi_to_coordinate</STRONG> (Thumb, 380 bytes, Stack size 56 bytes, color_mixing.o(.text.hsi_to_coordinate))
<BR><BR>[Stack]<UL><LI>Max Depth = 584<LI>Call Chain = hsi_to_coordinate &rArr; rgb_to_coordinate &rArr; get_curve_lux &rArr; __hardfp_pow &rArr; __kernel_poly &rArr; __aeabi_dmul &rArr; _double_epilogue &rArr; _double_round
</UL>
<BR>[Calls]<UL><LI><a href="#[32d]">&gt;&gt;</a>&nbsp;&nbsp;&nbsp;cct_to_xy
<LI><a href="#[339]">&gt;&gt;</a>&nbsp;&nbsp;&nbsp;rgb_to_coordinate
</UL>
<BR>[Called By]<UL><LI><a href="#[342]">&gt;&gt;</a>&nbsp;&nbsp;&nbsp;mixing_to_lux
<LI><a href="#[33a]">&gt;&gt;</a>&nbsp;&nbsp;&nbsp;hsi_to_lux
</UL>

[...]
</UL>

<P><STRONG><a name="[5d2]"></a>lfs_popc</STRONG> (Thumb, 12 bytes, Stack size 8 bytes, lfs.o(i.lfs_popc))
<BR><BR>[Stack]<UL><LI>Max Depth = 8<LI>Call Chain = lfs_popc
</UL>
<BR>[Calls]<UL><LI><a href="#[617]">&gt;&gt;</a>&nbsp;&nbsp;&nbsp;__ARM_pop
</UL>
<BR>[Called By]<UL><LI><a href="#[5cc]">&gt;&gt;</a>&nbsp;&nbsp;&nbsp;lfs_ctz_index
</UL>

<P><STRONG><a name="[615]"></a>lfs_superblock_fromle32</STRONG> (Thumb, 54 bytes, Stack size 8 bytes, lfs.o(i.lfs_superblock_fromle32))
<BR><BR>[Stack]<UL><LI>Max Depth = 16<LI>Call Chain = lfs_superblock_fromle32 &rArr; lfs_fromle32
</UL>
<BR>[Calls]<UL><LI><a href="#[5cf]">&gt;&gt;</a>&nbsp;&nbsp;&nbsp;lfs_fromle32
</UL>
<BR>[Called By]<UL><LI><a href="#[614]">&gt;&gt;</a>&nbsp;&nbsp;&nbsp;lfs_mount
</UL>

<P><STRONG><a name="[60c]"></a>lfs_superblock_tole32</STRONG> (Thumb, 54 bytes, Stack size 8 bytes, lfs.o(i.lfs_superblock_tole32))
<BR><BR>[Stack]<UL><LI>Max Depth = 24<LI>Call Chain = lfs_superblock_tole32 &rArr; lfs_tole32 &rArr; lfs_fromle32
</UL>
<BR>[Calls]<UL><LI><a href="#[5ce]">&gt;&gt;</a>&nbsp;&nbsp;&nbsp;lfs_tole32
</UL>
<BR>[Called By]<UL><LI><a href="#[60a]">&gt;&gt;</a>&nbsp;&nbsp;&nbsp;lfs_format
</UL>

<P><STRONG><a name="[5de]"></a>lfs_tag_chunk</STRONG> (Thumb, 8 bytes, Stack size 0 bytes, lfs.o(i.lfs_tag_chunk))
<BR><BR>[Called By]<UL><LI><a href="#[5fa]">&gt;&gt;</a>&nbsp;&nbsp;&nbsp;lfs_tag_splice
<LI><a href="#[5f8]">&gt;&gt;</a>&nbsp;&nbsp;&nbsp;lfs_dir_fetchmatch
<LI><a href="#[5d8]">&gt;&gt;</a>&nbsp;&nbsp;&nbsp;lfs_dir_commit
</UL>

<P><STRONG><a name="[5ed]"></a>lfs_tag_dsize</STRONG> (Thumb, 22 bytes, Stack size 16 bytes, lfs.o(i.lfs_tag_dsize))
<BR><BR>[Stack]<UL><LI>Max Depth = 16<LI>Call Chain = lfs_tag_dsize
</UL>
<BR>[Calls]<UL><LI><a href="#[5f2]">&gt;&gt;</a>&nbsp;&nbsp;&nbsp;lfs_tag_size
<LI><a href="#[603]">&gt;&gt;</a>&nbsp;&nbsp;&nbsp;lfs_tag_isdelete
</UL>
<BR>[Called By]<UL><LI><a href="#[5e3]">&gt;&gt;</a>&nbsp;&nbsp;&nbsp;lfs_dir_traverse
<LI><a href="#[601]">&gt;&gt;</a>&nbsp;&nbsp;&nbsp;lfs_dir_getslice
<LI><a href="#[5f8]">&gt;&gt;</a>&nbsp;&nbsp;&nbsp;lfs_dir_fetchmatch
<LI><a href="#[5e8]">&gt;&gt;</a>&nbsp;&nbsp;&nbsp;lfs_dir_commitattr
<LI><a href="#[11e]">&gt;&gt;</a>&nbsp;&nbsp;&nbsp;lfs_dir_commit_size
</UL>

<P><STRONG><a name="[5eb]"></a>lfs_tag_id</STRONG> (Thumb, 8 bytes, Stack size 0 bytes, lfs.o(i.lfs_tag_id))
<BR><BR>[Called By]<UL><LI><a href="#[5f7]">&gt;&gt;</a>&nbsp;&nbsp;&nbsp;lfs_fs_relocate
<LI><a href="#[60d]">&gt;&gt;</a>&nbsp;&nbsp;&nbsp;lfs_fs_demove
<LI><a href="#[120]">&gt;&gt;</a>&nbsp;&nbsp;&nbsp;lfs_dir_traverse_filter
<LI><a href="#[5e3]">&gt;&gt;</a>&nbsp;&nbsp;&nbsp;lfs_dir_traverse
<LI><a href="#[601]">&gt;&gt;</a>&nbsp;&nbsp;&nbsp;lfs_dir_getslice
<LI><a href="#[5fc]">&gt;&gt;</a>&nbsp;&nbsp;&nbsp;lfs_dir_find
<LI><a href="#[5f8]">&gt;&gt;</a>&nbsp;&nbsp;&nbsp;lfs_dir_fetchmatch
<LI><a href="#[5d8]">&gt;&gt;</a>&nbsp;&nbsp;&nbsp;lfs_dir_commit
</UL>

<P><STRONG><a name="[603]"></a>lfs_tag_isdelete</STRONG> (Thumb, 18 bytes, Stack size 0 bytes, lfs.o(i.lfs_tag_isdelete))
<BR><BR>[Called By]<UL><LI><a href="#[614]">&gt;&gt;</a>&nbsp;&nbsp;&nbsp;lfs_mount
<LI><a href="#[5ed]">&gt;&gt;</a>&nbsp;&nbsp;&nbsp;lfs_tag_dsize
<LI><a href="#[120]">&gt;&gt;</a>&nbsp;&nbsp;&nbsp;lfs_dir_traverse_filter
<LI><a href="#[601]">&gt;&gt;</a>&nbsp;&nbsp;&nbsp;lfs_dir_getslice
</UL>

<P><STRONG><a name="[5f9]"></a>lfs_tag_isvalid</STRONG> (Thumb, 18 bytes, Stack size 0 bytes, lfs.o(i.lfs_tag_isvalid))
<BR><BR>[Called By]<UL><LI><a href="#[614]">&gt;&gt;</a>&nbsp;&nbsp;&nbsp;lfs_mount
<LI><a href="#[5f8]">&gt;&gt;</a>&nbsp;&nbsp;&nbsp;lfs_dir_fetchmatch
</UL>

<P><STRONG><a name="[5f2]"></a>lfs_tag_size</STRONG> (Thumb, 8 bytes, Stack size 0 bytes, lfs.o(i.lfs_tag_size))
<BR><BR>[Called By]<UL><LI><a href="#[606]">&gt;&gt;</a>&nbsp;&nbsp;&nbsp;lfs_file_opencfg
<LI><a href="#[5ed]">&gt;&gt;</a>&nbsp;&nbsp;&nbsp;lfs_tag_dsize
<LI><a href="#[611]">&gt;&gt;</a>&nbsp;&nbsp;&nbsp;lfs_gstate_hasorphans
<LI><a href="#[610]">&gt;&gt;</a>&nbsp;&nbsp;&nbsp;lfs_fs_deorphan
<LI><a href="#[5e3]">&gt;&gt;</a>&nbsp;&nbsp;&nbsp;lfs_dir_traverse
<LI><a href="#[601]">&gt;&gt;</a>&nbsp;&nbsp;&nbsp;lfs_dir_getslice
<LI><a href="#[5ff]">&gt;&gt;</a>&nbsp;&nbsp;&nbsp;lfs_dir_get
<LI><a href="#[11f]">&gt;&gt;</a>&nbsp;&nbsp;&nbsp;lfs_dir_find_match
<LI><a href="#[5e9]">&gt;&gt;</a>&nbsp;&nbsp;&nbsp;lfs_dir_commitcrc
</UL>

<P><STRONG><a name="[5fa]"></a>lfs_tag_splice</STRONG> (Thumb, 14 bytes, Stack size 8 bytes, lfs.o(i.lfs_tag_splice))
<BR><BR>[Stack]<UL><LI>Max Depth = 8<LI>Call Chain = lfs_tag_splice
</UL>
<BR>[Calls]<UL><LI><a href="#[5de]">&gt;&gt;</a>&nbsp;&nbsp;&nbsp;lfs_tag_chunk
</UL>
<BR>[Called By]<UL><LI><a href="#[120]">&gt;&gt;</a>&nbsp;&nbsp;&nbsp;lfs_dir_traverse_filter
<LI><a href="#[601]">&gt;&gt;</a>&nbsp;&nbsp;&nbsp;lfs_dir_getslice
<LI><a href="#[5f8]">&gt;&gt;</a>&nbsp;&nbsp;&nbsp;lfs_dir_fetchmatch
</UL>

<P><STRONG><a name="[5dd]"></a>lfs_tag_type1</STRONG> (Thumb, 10 bytes, Stack size 0 bytes, lfs.o(i.lfs_tag_type1))
<BR><BR>[Called By]<UL><LI><a href="#[5fb]">&gt;&gt;</a>&nbsp;&nbsp;&nbsp;lfs_gstate_hasmovehere
<LI><a href="#[60e]">&gt;&gt;</a>&nbsp;&nbsp;&nbsp;lfs_gstate_hasmove
<LI><a href="#[120]">&gt;&gt;</a>&nbsp;&nbsp;&nbsp;lfs_dir_traverse_filter
<LI><a href="#[601]">&gt;&gt;</a>&nbsp;&nbsp;&nbsp;lfs_dir_getslice
<LI><a href="#[5f8]">&gt;&gt;</a>&nbsp;&nbsp;&nbsp;lfs_dir_fetchmatch
<LI><a href="#[5d8]">&gt;&gt;</a>&nbsp;&nbsp;&nbsp;lfs_dir_commit
</UL>

<P><STRONG><a name="[5dc]"></a>lfs_tag_type3</STRONG> (Thumb, 8 bytes, Stack size 0 bytes, lfs.o(i.lfs_tag_type3))
<BR><BR>[Called By]<UL><LI><a href="#[5bf]">&gt;&gt;</a>&nbsp;&nbsp;&nbsp;lfs_fs_traverseraw
<LI><a href="#[606]">&gt;&gt;</a>&nbsp;&nbsp;&nbsp;lfs_file_opencfg
<LI><a href="#[5e3]">&gt;&gt;</a>&nbsp;&nbsp;&nbsp;lfs_dir_traverse
<LI><a href="#[5fc]">&gt;&gt;</a>&nbsp;&nbsp;&nbsp;lfs_dir_find
<LI><a href="#[5d8]">&gt;&gt;</a>&nbsp;&nbsp;&nbsp;lfs_dir_commit
</UL>

<P><STRONG><a name="[5ee]"></a>lfs_tobe32</STRONG> (Thumb, 12 bytes, Stack size 8 bytes, lfs.o(i.lfs_tobe32))
<BR><BR>[Stack]<UL><LI>Max Depth = 16<LI>Call Chain = lfs_tobe32 &rArr; lfs_frombe32
</UL>
<BR>[Calls]<UL><LI><a href="#[5f0]">&gt;&gt;</a>&nbsp;&nbsp;&nbsp;lfs_frombe32
</UL>
<BR>[Called By]<UL><LI><a href="#[5e9]">&gt;&gt;</a>&nbsp;&nbsp;&nbsp;lfs_dir_commitcrc
<LI><a href="#[5e8]">&gt;&gt;</a>&nbsp;&nbsp;&nbsp;lfs_dir_commitattr
</UL>

<P><STRONG><a name="[5ce]"></a>lfs_tole32</STRONG> (Thumb, 12 bytes, Stack size 8 bytes, lfs.o(i.lfs_tole32))
<BR><BR>[Stack]<UL><LI>Max Depth = 16<LI>Call Chain = lfs_tole32 &rArr; lfs_fromle32
</UL>
<BR>[Calls]<UL><LI><a href="#[5cf]">&gt;&gt;</a>&nbsp;&nbsp;&nbsp;lfs_fromle32
</UL>
<BR>[Called By]<UL><LI><a href="#[60c]">&gt;&gt;</a>&nbsp;&nbsp;&nbsp;lfs_superblock_tole32
<LI><a href="#[5e2]">&gt;&gt;</a>&nbsp;&nbsp;&nbsp;lfs_pair_tole32
<LI><a href="#[5e7]">&gt;&gt;</a>&nbsp;&nbsp;&nbsp;lfs_gstate_tole32
<LI><a href="#[5f8]">&gt;&gt;</a>&nbsp;&nbsp;&nbsp;lfs_dir_fetchmatch
<LI><a href="#[5ea]">&gt;&gt;</a>&nbsp;&nbsp;&nbsp;lfs_dir_compact
<LI><a href="#[5e9]">&gt;&gt;</a>&nbsp;&nbsp;&nbsp;lfs_dir_commitcrc
<LI><a href="#[5d3]">&gt;&gt;</a>&nbsp;&nbsp;&nbsp;lfs_ctz_tole32
<LI><a href="#[5ca]">&gt;&gt;</a>&nbsp;&nbsp;&nbsp;lfs_ctz_extend
</UL>

<P><STRONG><a name="[644]"></a>set_int_enable</STRONG> (Thumb, 138 bytes, Stack size 16 bytes, inv_mpu.o(i.set_int_enable))
<BR><BR>[Stack]<UL><LI>Max Depth = 144<LI>Call Chain = set_int_enable &rArr; MPU_Write_Len &rArr; I2C_TransData &rArr; I2C_WriteDataReg &rArr; DDL_AssertHandler &rArr; __2printf
</UL>
<BR>[Calls]<UL><LI><a href="#[499]">&gt;&gt;</a>&nbsp;&nbsp;&nbsp;MPU_Write_Len
</UL>
<BR>[Called By]<UL><LI><a href="#[3f7]">&gt;&gt;</a>&nbsp;&nbsp;&nbsp;mpu_set_dmp_state
<LI><a href="#[642]">&gt;&gt;</a>&nbsp;&nbsp;&nbsp;mpu_configure_fifo
</UL>

<P><STRONG><a name="[5a5]"></a>decode_gesture</STRONG> (Thumb, 94 bytes, Stack size 24 bytes, inv_mpu_dmp_motion_driver.o(i.decode_gesture))
<BR><BR>[Stack]<UL><LI>Max Depth = 24<LI>Call Chain = decode_gesture
</UL>
<BR>[Called By]<UL><LI><a href="#[5a3]">&gt;&gt;</a>&nbsp;&nbsp;&nbsp;dmp_read_fifo
</UL>

<P><STRONG><a name="[4a3]"></a>Master_Initialize</STRONG> (Thumb, 64 bytes, Stack size 32 bytes, lsm16x_iic.o(i.Master_Initialize))
<BR><BR>[Stack]<UL><LI>Max Depth = 168<LI>Call Chain = Master_Initialize &rArr; I2C_Init &rArr; I2C_BaudrateConfig &rArr; DDL_AssertHandler &rArr; __2printf
</UL>
<BR>[Calls]<UL><LI><a href="#[4a1]">&gt;&gt;</a>&nbsp;&nbsp;&nbsp;I2C_StructInit
<LI><a href="#[475]">&gt;&gt;</a>&nbsp;&nbsp;&nbsp;I2C_Init
<LI><a href="#[470]">&gt;&gt;</a>&nbsp;&nbsp;&nbsp;I2C_DeInit
<LI><a href="#[46f]">&gt;&gt;</a>&nbsp;&nbsp;&nbsp;I2C_Cmd
<LI><a href="#[46d]">&gt;&gt;</a>&nbsp;&nbsp;&nbsp;I2C_BusWaitCmd
</UL>
<BR>[Called By]<UL><LI><a href="#[618]">&gt;&gt;</a>&nbsp;&nbsp;&nbsp;lsm16x_iic_gpio
</UL>

<P><STRONG><a name="[64d]"></a>npy_half_to_float</STRONG> (Thumb, 18 bytes, Stack size 16 bytes, lsm6dsv16x_fifo_irq.o(i.npy_half_to_float))
<BR><BR>[Stack]<UL><LI>Max Depth = 36<LI>Call Chain = npy_half_to_float &rArr; npy_halfbits_to_floatbits
</UL>
<BR>[Calls]<UL><LI><a href="#[64e]">&gt;&gt;</a>&nbsp;&nbsp;&nbsp;npy_halfbits_to_floatbits
</UL>
<BR>[Called By]<UL><LI><a href="#[632]">&gt;&gt;</a>&nbsp;&nbsp;&nbsp;sflp2q
</UL>

<P><STRONG><a name="[64e]"></a>npy_halfbits_to_floatbits</STRONG> (Thumb, 108 bytes, Stack size 20 bytes, lsm6dsv16x_fifo_irq.o(i.npy_halfbits_to_floatbits))
<BR><BR>[Stack]<UL><LI>Max Depth = 20<LI>Call Chain = npy_halfbits_to_floatbits
</UL>
<BR>[Called By]<UL><LI><a href="#[64d]">&gt;&gt;</a>&nbsp;&nbsp;&nbsp;npy_half_to_float
</UL>

<P><STRONG><a name="[126]"></a>platform_delay</STRONG> (Thumb, 12 bytes, Stack size 8 bytes, lsm6dsv16x_fifo_irq.o(i.platform_delay))
<BR><BR>[Stack]<UL><LI>Max Depth = 16<LI>Call Chain = platform_delay &rArr; DDL_DelayMS
</UL>
<BR>[Calls]<UL><LI><a href="#[492]">&gt;&gt;</a>&nbsp;&nbsp;&nbsp;DDL_DelayMS
</UL>
<BR>[Called By]<UL><LI><a href="#[619]">&gt;&gt;</a>&nbsp;&nbsp;&nbsp;lsm6dsv16x_fifo_irq
</UL>
<BR>[Address Reference Count : 1]<UL><LI> lsm6dsv16x_fifo_irq.o(i.lsm6dsv16x_fifo_irq)
</UL>
<P><STRONG><a name="[620]"></a>platform_init</STRONG> (Thumb, 2 bytes, Stack size 0 bytes, lsm6dsv16x_fifo_irq.o(i.platform_init))
<BR><BR>[Called By]<UL><LI><a href="#[619]">&gt;&gt;</a>&nbsp;&nbsp;&nbsp;lsm6dsv16x_fifo_irq
</UL>

<P><STRONG><a name="[125]"></a>platform_read</STRONG> (Thumb, 28 bytes, Stack size 24 bytes, lsm6dsv16x_fifo_irq.o(i.platform_read))
<BR><BR>[Stack]<UL><LI>Max Depth = 136<LI>Call Chain = platform_read &rArr; Gyro_Mem_Read &rArr; I2C_TransData &rArr; I2C_WriteDataReg &rArr; DDL_AssertHandler &rArr; __2printf
</UL>
<BR>[Calls]<UL><LI><a href="#[45d]">&gt;&gt;</a>&nbsp;&nbsp;&nbsp;Gyro_Mem_Read
</UL>
<BR>[Address Reference Count : 1]<UL><LI> lsm6dsv16x_fifo_irq.o(i.lsm6dsv16x_fifo_irq)
</UL>
<P><STRONG><a name="[124]"></a>platform_write</STRONG> (Thumb, 28 bytes, Stack size 24 bytes, lsm6dsv16x_fifo_irq.o(i.platform_write))
<BR><BR>[Stack]<UL><LI>Max Depth = 136<LI>Call Chain = platform_write &rArr; Gyro_Write_value &rArr; I2C_TransData &rArr; I2C_WriteDataReg &rArr; DDL_AssertHandler &rArr; __2printf
</UL>
<BR>[Calls]<UL><LI><a href="#[466]">&gt;&gt;</a>&nbsp;&nbsp;&nbsp;Gyro_Write_value
</UL>
<BR>[Address Reference Count : 1]<UL><LI> lsm6dsv16x_fifo_irq.o(i.lsm6dsv16x_fifo_irq)
</UL>
<P><STRONG><a name="[632]"></a>sflp2q</STRONG> (Thumb, 136 bytes, Stack size 24 bytes, lsm6dsv16x_fifo_irq.o(i.sflp2q))
<BR><BR>[Stack]<UL><LI>Max Depth = 60<LI>Call Chain = sflp2q &rArr; npy_half_to_float &rArr; npy_halfbits_to_floatbits
</UL>
<BR>[Calls]<UL><LI><a href="#[64d]">&gt;&gt;</a>&nbsp;&nbsp;&nbsp;npy_half_to_float
<LI><a href="#[57d]">&gt;&gt;</a>&nbsp;&nbsp;&nbsp;__hardfp_sqrtf
</UL>
<BR>[Called By]<UL><LI><a href="#[12d]">&gt;&gt;</a>&nbsp;&nbsp;&nbsp;lsm6dsv16x_fifo_irq_handler
</UL>

<P><STRONG><a name="[633]"></a>bytecpy</STRONG> (Thumb, 10 bytes, Stack size 0 bytes, lsm6dsv16x_reg.o(i.bytecpy))
<BR><BR>[Called By]<UL><LI><a href="#[630]">&gt;&gt;</a>&nbsp;&nbsp;&nbsp;lsm6dsv16x_fifo_status_get
<LI><a href="#[631]">&gt;&gt;</a>&nbsp;&nbsp;&nbsp;lsm6dsv16x_fifo_out_raw_get
</UL>

<P><STRONG><a name="[639]"></a>npy_float_to_half</STRONG> (Thumb, 30 bytes, Stack size 16 bytes, lsm6dsv16x_reg.o(i.npy_float_to_half))
<BR><BR>[Stack]<UL><LI>Max Depth = 36<LI>Call Chain = npy_float_to_half &rArr; npy_floatbits_to_halfbits
</UL>
<BR>[Calls]<UL><LI><a href="#[64c]">&gt;&gt;</a>&nbsp;&nbsp;&nbsp;npy_floatbits_to_halfbits
</UL>
<BR>[Called By]<UL><LI><a href="#[62f]">&gt;&gt;</a>&nbsp;&nbsp;&nbsp;lsm6dsv16x_sflp_game_gbias_set
</UL>

<P><STRONG><a name="[64c]"></a>npy_floatbits_to_halfbits</STRONG> (Thumb, 144 bytes, Stack size 20 bytes, lsm6dsv16x_reg.o(i.npy_floatbits_to_halfbits))
<BR><BR>[Stack]<UL><LI>Max Depth = 20<LI>Call Chain = npy_floatbits_to_halfbits
</UL>
<BR>[Called By]<UL><LI><a href="#[639]">&gt;&gt;</a>&nbsp;&nbsp;&nbsp;npy_float_to_half
</UL>

<P><STRONG><a name="[65a]"></a>plaintext_padding</STRONG> (Thumb, 30 bytes, Stack size 12 bytes, sm4_enc_user.o(i.plaintext_padding))
<BR><BR>[Stack]<UL><LI>Max Depth = 12<LI>Call Chain = plaintext_padding
</UL>
<BR>[Called By]<UL><LI><a href="#[429]">&gt;&gt;</a>&nbsp;&nbsp;&nbsp;user_plaintext_encryption
</UL>

<P><STRONG><a name="[659]"></a>user_secret_key_get</STRONG> (Thumb, 54 bytes, Stack size 8 bytes, sm4_enc_user.o(i.user_secret_key_get))
<BR><BR>[Stack]<UL><LI>Max Depth = 8<LI>Call Chain = user_secret_key_get
</UL>
<BR>[Called By]<UL><LI><a href="#[429]">&gt;&gt;</a>&nbsp;&nbsp;&nbsp;user_plaintext_encryption
<LI><a href="#[42c]">&gt;&gt;</a>&nbsp;&nbsp;&nbsp;user_chiphertext_decryption
</UL>

<P><STRONG><a name="[58e]"></a>four_uCh2uLong</STRONG> (Thumb, 38 bytes, Stack size 8 bytes, sm4_encryption.o(i.four_uCh2uLong))
<BR><BR>[Stack]<UL><LI>Max Depth = 8<LI>Call Chain = four_uCh2uLong
</UL>
<BR>[Called By]<UL><LI><a href="#[58f]">&gt;&gt;</a>&nbsp;&nbsp;&nbsp;func_key
<LI><a href="#[590]">&gt;&gt;</a>&nbsp;&nbsp;&nbsp;func_data
<LI><a href="#[5a9]">&gt;&gt;</a>&nbsp;&nbsp;&nbsp;encode_fun
<LI><a href="#[58d]">&gt;&gt;</a>&nbsp;&nbsp;&nbsp;decode_fun
</UL>

<P><STRONG><a name="[590]"></a>func_data</STRONG> (Thumb, 102 bytes, Stack size 32 bytes, sm4_encryption.o(i.func_data))
<BR><BR>[Stack]<UL><LI>Max Depth = 40<LI>Call Chain = func_data &rArr; move
</UL>
<BR>[Calls]<UL><LI><a href="#[591]">&gt;&gt;</a>&nbsp;&nbsp;&nbsp;uLong2four_uCh
<LI><a href="#[5b1]">&gt;&gt;</a>&nbsp;&nbsp;&nbsp;move
<LI><a href="#[58e]">&gt;&gt;</a>&nbsp;&nbsp;&nbsp;four_uCh2uLong
</UL>
<BR>[Called By]<UL><LI><a href="#[5a9]">&gt;&gt;</a>&nbsp;&nbsp;&nbsp;encode_fun
<LI><a href="#[58d]">&gt;&gt;</a>&nbsp;&nbsp;&nbsp;decode_fun
</UL>

<P><STRONG><a name="[58f]"></a>func_key</STRONG> (Thumb, 82 bytes, Stack size 32 bytes, sm4_encryption.o(i.func_key))
<BR><BR>[Stack]<UL><LI>Max Depth = 40<LI>Call Chain = func_key &rArr; move
</UL>
<BR>[Calls]<UL><LI><a href="#[591]">&gt;&gt;</a>&nbsp;&nbsp;&nbsp;uLong2four_uCh
<LI><a href="#[5b1]">&gt;&gt;</a>&nbsp;&nbsp;&nbsp;move
<LI><a href="#[58e]">&gt;&gt;</a>&nbsp;&nbsp;&nbsp;four_uCh2uLong
</UL>
<BR>[Called By]<UL><LI><a href="#[5a9]">&gt;&gt;</a>&nbsp;&nbsp;&nbsp;encode_fun
<LI><a href="#[58d]">&gt;&gt;</a>&nbsp;&nbsp;&nbsp;decode_fun
</UL>

<P><STRONG><a name="[5b1]"></a>move</STRONG> (Thumb, 24 bytes, Stack size 8 bytes, sm4_encryption.o(i.move))
<BR><BR>[Stack]<UL><LI>Max Depth = 8<LI>Call Chain = move
</UL>
<BR>[Called By]<UL><LI><a href="#[58f]">&gt;&gt;</a>&nbsp;&nbsp;&nbsp;func_key
<LI><a href="#[590]">&gt;&gt;</a>&nbsp;&nbsp;&nbsp;func_data
</UL>

<P><STRONG><a name="[591]"></a>uLong2four_uCh</STRONG> (Thumb, 28 bytes, Stack size 0 bytes, sm4_encryption.o(i.uLong2four_uCh))
<BR><BR>[Called By]<UL><LI><a href="#[58f]">&gt;&gt;</a>&nbsp;&nbsp;&nbsp;func_key
<LI><a href="#[590]">&gt;&gt;</a>&nbsp;&nbsp;&nbsp;func_data
<LI><a href="#[5a9]">&gt;&gt;</a>&nbsp;&nbsp;&nbsp;encode_fun
<LI><a href="#[58d]">&gt;&gt;</a>&nbsp;&nbsp;&nbsp;decode_fun
</UL>

<P><STRONG><a name="[5b7]"></a>calculate_byte_xor_sum</STRONG> (Thumb, 30 bytes, Stack size 12 bytes, iot_dispose.o(i.calculate_byte_xor_sum))
<BR><BR>[Stack]<UL><LI>Max Depth = 12<LI>Call Chain = calculate_byte_xor_sum
</UL>
<BR>[Called By]<UL><LI><a href="#[650]">&gt;&gt;</a>&nbsp;&nbsp;&nbsp;recover_iot_data
<LI><a href="#[5b6]">&gt;&gt;</a>&nbsp;&nbsp;&nbsp;get_iot_data
</UL>

<P><STRONG><a name="[333]"></a>get_max_lux</STRONG> (Thumb, 1404 bytes, Stack size 64 bytes, color_mixing.o(.text.get_max_lux))
<BR><BR>[Stack]<UL><LI>Max Depth = 64<LI>Call Chain = get_max_lux
</UL>
<BR>[Called By]<UL><LI><a href="#[347]">&gt;&gt;</a>&nbsp;&nbsp;&nbsp;rgbww_to_lux
<LI><a href="#[32c]">&gt;&gt;</a>&nbsp;&nbsp;&nbsp;two_color_cct_to_lux
<LI><a href="#[32f]">&gt;&gt;</a>&nbsp;&nbsp;&nbsp;three_led_three_color_coordinate_to_lux
<LI><a href="#[32e]">&gt;&gt;</a>&nbsp;&nbsp;&nbsp;five_led_three_color_coordinate_to_lux
</UL>

<P><STRONG><a name="[339]"></a>rgb_to_coordinate</STRONG> (Thumb, 504 bytes, Stack size 160 bytes, color_mixing.o(.text.rgb_to_coordinate))
<BR><BR>[Stack]<UL><LI>Max Depth = 528<LI>Call Chain = rgb_to_coordinate &rArr; get_curve_lux &rArr; __hardfp_pow &rArr; __kernel_poly &rArr; __aeabi_dmul &rArr; _double_epilogue &rArr; _double_round
</UL>
<BR>[Calls]<UL><LI><a href="#[343]">&gt;&gt;</a>&nbsp;&nbsp;&nbsp;__aeabi_memclr4
<LI><a href="#[344]">&gt;&gt;</a>&nbsp;&nbsp;&nbsp;__hardfp_powf
<LI><a href="#[345]">&gt;&gt;</a>&nbsp;&nbsp;&nbsp;color_space_conversion_rgb2xyz
<LI><a href="#[32b]">&gt;&gt;</a>&nbsp;&nbsp;&nbsp;get_curve_lux
<LI><a href="#[334]">&gt;&gt;</a>&nbsp;&nbsp;&nbsp;search_led_arg
</UL>
<BR>[Called By]<UL><LI><a href="#[346]">&gt;&gt;</a>&nbsp;&nbsp;&nbsp;rgb_to_lux
<LI><a href="#[342]">&gt;&gt;</a>&nbsp;&nbsp;&nbsp;mixing_to_lux
<LI><a href="#[338]">&gt;&gt;</a>&nbsp;&nbsp;&nbsp;hsi_to_coordinate
</UL>

<P><STRONG><a name="[57e]"></a>_fp_digits</STRONG> (Thumb, 366 bytes, Stack size 64 bytes, printfa.o(i._fp_digits), UNUSED)
<BR><BR>[Calls]<UL><LI><a href="#[31f]">&gt;&gt;</a>&nbsp;&nbsp;&nbsp;__aeabi_ddiv
<LI><a href="#[31e]">&gt;&gt;</a>&nbsp;&nbsp;&nbsp;__aeabi_dmul
<LI><a href="#[318]">&gt;&gt;</a>&nbsp;&nbsp;&nbsp;__aeabi_dadd
<LI><a href="#[328]">&gt;&gt;</a>&nbsp;&nbsp;&nbsp;__aeabi_d2ulz
<LI><a href="#[312]">&gt;&gt;</a>&nbsp;&nbsp;&nbsp;__aeabi_uldivmod
<LI><a href="#[574]">&gt;&gt;</a>&nbsp;&nbsp;&nbsp;__aeabi_cdrcmple
</UL>
<BR>[Called By]<UL><LI><a href="#[563]">&gt;&gt;</a>&nbsp;&nbsp;&nbsp;_printf_core
</UL>

<P><STRONG><a name="[563]"></a>_printf_core</STRONG> (Thumb, 1704 bytes, Stack size 136 bytes, printfa.o(i._printf_core), UNUSED)
<BR><BR>[Calls]<UL><LI><a href="#[581]">&gt;&gt;</a>&nbsp;&nbsp;&nbsp;__aeabi_uidivmod
<LI><a href="#[57f]">&gt;&gt;</a>&nbsp;&nbsp;&nbsp;_printf_pre_padding
<LI><a href="#[580]">&gt;&gt;</a>&nbsp;&nbsp;&nbsp;_printf_post_padding
<LI><a href="#[57e]">&gt;&gt;</a>&nbsp;&nbsp;&nbsp;_fp_digits
<LI><a href="#[312]">&gt;&gt;</a>&nbsp;&nbsp;&nbsp;__aeabi_uldivmod
</UL>
<BR>[Called By]<UL><LI><a href="#[562]">&gt;&gt;</a>&nbsp;&nbsp;&nbsp;__0printf
</UL>

<P><STRONG><a name="[580]"></a>_printf_post_padding</STRONG> (Thumb, 36 bytes, Stack size 24 bytes, printfa.o(i._printf_post_padding), UNUSED)
<BR><BR>[Called By]<UL><LI><a href="#[563]">&gt;&gt;</a>&nbsp;&nbsp;&nbsp;_printf_core
</UL>

<P><STRONG><a name="[57f]"></a>_printf_pre_padding</STRONG> (Thumb, 46 bytes, Stack size 24 bytes, printfa.o(i._printf_pre_padding), UNUSED)
<BR><BR>[Called By]<UL><LI><a href="#[563]">&gt;&gt;</a>&nbsp;&nbsp;&nbsp;_printf_core
</UL>
<P>
<H3>
Undefined Global Symbols
</H3><HR></body></html>
