<html>
<body>
<pre>
<h1>礦ision Build Log</h1>
<h2>Tool Versions:</h2>
IDE-Version: μVision V5.34.0.0
Copyright (C) 2021 ARM Ltd and ARM Germany GmbH. All rights reserved.
License Information: 1111 1111, 11111111, LIC=X96CK-ZQ29Q-VEHHA-15Y1D-6ZJP6-KEWQJ
 
Tool Versions:
Toolchain:       MDK-ARM Plus  Version: 5.34.0.0
Toolchain Path:  C:\Keil_v5\ARM\ARMCC\Bin
C Compiler:      Armcc.exe V5.06 update 7 (build 960)
Assembler:       Armasm.exe V5.06 update 7 (build 960)
Linker/Locator:  ArmLink.exe V5.06 update 7 (build 960)
Library Manager: ArmAr.exe V5.06 update 7 (build 960)
Hex Converter:   FromElf.exe V5.06 update 7 (build 960)
CPU DLL:         SARMCM3.DLL V5.34.0.0
Dialog DLL:      DARMCM1.DLL V1.19.4.0
Target DLL:      Segger\JL2CM3.dll V2.99.38.0
Dialog DLL:      TCM.DLL V1.48.0.0
 
<h2>Project:</h2>
D:\pr307_pr308\PR_307_L3_PR_308_L2_lightbody\APP\MDK\APP.uvprojx
Project File Date:  01/22/2026

<h2>Output:</h2>
*** Using Compiler 'V5.06 update 7 (build 960)', folder: 'C:\Keil_v5\ARM\ARMCC\Bin'
Build Project 'APP' - Target 'PR_307_L3'
compiling bsp_electronic.c...
compiling bsp_init.c...
linking...
Program Size: Code=218072 RO-data=88868 RW-data=2908 ZI-data=100740  
FromELF: creating hex file...
After Build - User command #1: fromelf --bin -o "D:\pr307_pr308\PR_307_L3_PR_308_L2_lightbody\APP\MDK\Objects\PR_307_L3\PR_307_L3.bin" "D:\pr307_pr308\PR_307_L3_PR_308_L2_lightbody\APP\MDK\Objects\PR_307_L3\PR_307_L3.axf"
After Build - User command #2: .\Objects\PR_307_L3\PR_307_L3.bin\CreateFinalBin.bat PR_307_L3
已复制         1 个文件。
移动了         1 个文件。
已复制         1 个文件。
移动了         1 个文件。
已复制         1 个文件。
移动了         1 个文件。
".\Objects\PR_307_L3\PR_307_L3.axf" - 0 Error(s), 0 Warning(s).

<h2>Software Packages used:</h2>

Package Vendor: HDSC
                https://raw.githubusercontent.com/hdscmcu/pack/master/HDSC.HC32F4A0.1.0.4.pack
                HDSC.HC32F4A0.1.0.4
                HC32F4A0 ARM Cortex-M4 Device Family Pack

<h2>Collection of Component include folders:</h2>
  C:\Users\Administrator\AppData\Local\Arm\Packs\HDSC\HC32F4A0\1.0.4\Device\Include

<h2>Collection of Component Files used:</h2>
Build Time Elapsed:  00:00:05
</pre>
</body>
</html>
